0 verbose cli /home/chand/ON-CBT/nodejs/bin/node /home/chand/ON-CBT/nodejs/lib/node_modules/npm/bin/npm-cli.js
1 info using npm@10.2.4
2 info using node@v20.11.0
3 timing npm:load:whichnode Completed in 6ms
4 timing config:load:defaults Completed in 12ms
5 timing config:load:file:/home/chand/ON-CBT/nodejs/lib/node_modules/npm/npmrc Completed in 5ms
6 timing config:load:builtin Completed in 12ms
7 timing config:load:cli Completed in 40ms
8 timing config:load:env Completed in 2ms
9 timing config:load:file:/home/chand/ON-CBT/.npmrc Completed in 0ms
10 timing config:load:project Completed in 3ms
11 timing config:load:file:/home/chand/.npmrc Completed in 9ms
12 timing config:load:user Completed in 10ms
13 timing config:load:file:/app/etc/npmrc Completed in 2ms
14 timing config:load:global Completed in 2ms
15 timing config:load:setEnvs Completed in 3ms
16 timing config:load Completed in 87ms
17 timing npm:load:configload Completed in 87ms
18 timing config:load:flatten Completed in 9ms
19 timing npm:load:mkdirpcache Completed in 1ms
20 timing npm:load:mkdirplogs Completed in 1ms
21 verbose title npm exec create-next-app@latest frontend
22 verbose argv "exec" "--" "create-next-app@latest" "frontend"
23 timing npm:load:setTitle Completed in 3ms
24 timing npm:load:display Completed in 2ms
25 verbose logfile logs-max:10 dir:/home/chand/ON-CBT/.npm-local/cache/_logs/2025-12-05T23_20_56_219Z-
26 verbose logfile /home/chand/ON-CBT/.npm-local/cache/_logs/2025-12-05T23_20_56_219Z-debug-0.log
27 timing npm:load:logFile Completed in 31ms
28 timing npm:load:timers Completed in 1ms
29 timing npm:load:configScope Completed in 0ms
30 timing npm:load Completed in 185ms
31 silly logfile done cleaning log files
32 timing arborist:ctor Completed in 5ms
33 http fetch GET 200 https://registry.npmjs.org/npm 990ms (cache miss)
34 http fetch GET 200 https://registry.npmjs.org/create-next-app 1062ms (cache miss)
35 timing arborist:ctor Completed in 1ms
36 timing command:exec Completed in 1679ms
37 notice
37 notice New [31mmajor[39m version of npm available! [31m10.2.4[39m -> [32m11.6.4[39m
37 notice Changelog: [36mhttps://github.com/npm/cli/releases/tag/v11.6.4[39m
37 notice Run [32mnpm install -g npm@11.6.4[39m to update!
37 notice
38 verbose stack Error: ENOENT: no such file or directory, lstat '/home/chand/ON-CBT/.npm-local/lib'
39 verbose cwd /home/chand/ON-CBT
40 verbose Linux 6.8.0-87-generic
41 verbose node v20.11.0
42 verbose npm  v10.2.4
43 error code ENOENT
44 error syscall lstat
45 error path /home/chand/ON-CBT/.npm-local/lib
46 error errno -2
47 error enoent ENOENT: no such file or directory, lstat '/home/chand/ON-CBT/.npm-local/lib'
48 error enoent This is related to npm not being able to find a file.
48 error enoent
49 verbose exit -2
50 timing npm Completed in 2646ms
51 verbose code -2
52 error A complete log of this run can be found in: /home/chand/ON-CBT/.npm-local/cache/_logs/2025-12-05T23_20_56_219Z-debug-0.log
