0 verbose cli /home/chand/ON-CBT/nodejs/bin/node /home/chand/ON-CBT/nodejs/bin/npm
1 info using npm@10.2.4
2 info using node@v20.11.0
3 timing npm:load:whichnode Completed in 7ms
4 timing config:load:defaults Completed in 15ms
5 timing config:load:file:/home/chand/ON-CBT/nodejs/lib/node_modules/npm/npmrc Completed in 4ms
6 timing config:load:builtin Completed in 6ms
7 timing config:load:cli Completed in 24ms
8 timing config:load:env Completed in 3ms
9 timing config:load:file:/home/chand/ON-CBT/.npmrc Completed in 0ms
10 timing config:load:project Completed in 31ms
11 timing config:load:file:/home/chand/.npmrc Completed in 15ms
12 timing config:load:user Completed in 16ms
13 timing config:load:file:/app/etc/npmrc Completed in 2ms
14 timing config:load:global Completed in 2ms
15 timing config:load:setEnvs Completed in 3ms
16 timing config:load Completed in 103ms
17 timing npm:load:configload Completed in 103ms
18 timing config:load:flatten Completed in 9ms
19 timing npm:load:mkdirpcache Completed in 1ms
20 timing npm:load:mkdirplogs Completed in 0ms
21 verbose title npm install create-next-app
22 verbose argv "install" "create-next-app"
23 timing npm:load:setTitle Completed in 2ms
24 timing npm:load:display Completed in 2ms
25 verbose logfile logs-max:10 dir:/home/chand/ON-CBT/.npm-local/cache/_logs/2025-12-05T23_23_41_777Z-
26 verbose logfile /home/chand/ON-CBT/.npm-local/cache/_logs/2025-12-05T23_23_41_777Z-debug-0.log
27 timing npm:load:logFile Completed in 30ms
28 timing npm:load:timers Completed in 1ms
29 timing npm:load:configScope Completed in 0ms
30 timing npm:load Completed in 206ms
31 timing config:load:flatten Completed in 2ms
32 timing arborist:ctor Completed in 2ms
33 silly logfile done cleaning log files
34 timing arborist:ctor Completed in 1ms
35 timing idealTree:init Completed in 31ms
36 timing idealTree:userRequests Completed in 11ms
37 silly idealTree buildDeps
38 silly fetch manifest create-next-app@*
39 http fetch GET 200 https://registry.npmjs.org/create-next-app 340ms (cache hit)
40 silly placeDep ROOT create-next-app@16.0.7 OK for:  want: *
41 timing idealTree:#root Completed in 466ms
42 timing idealTree:node_modules/create-next-app Completed in 0ms
43 timing idealTree:buildDeps Completed in 471ms
44 timing idealTree:fixDepFlags Completed in 2ms
45 timing idealTree Completed in 518ms
46 timing reify:loadTrees Completed in 522ms
47 timing reify:diffTrees Completed in 2ms
48 silly reify moves {}
49 timing reify:retireShallow Completed in 4ms
50 timing reify:createSparse Completed in 79ms
51 timing reify:loadBundles Completed in 0ms
52 silly tarball no local data for create-next-app@https://registry.npmjs.org/create-next-app/-/create-next-app-16.0.7.tgz. Extracting by manifest.
53 http fetch GET 200 https://registry.npmjs.org/create-next-app/-/create-next-app-16.0.7.tgz 3063ms (cache miss)
54 timing reifyNode:node_modules/create-next-app Completed in 3185ms
55 timing reify:unpack Completed in 3186ms
56 timing reify:unretire Completed in 1ms
57 timing build:queue Completed in 3ms
58 timing build:link:node_modules/create-next-app Completed in 52ms
59 timing build:link Completed in 53ms
60 timing build:deps Completed in 60ms
61 timing build Completed in 61ms
62 timing reify:build Completed in 71ms
63 timing reify:trash Completed in 1ms
64 timing reify:save Completed in 44ms
65 timing reify Completed in 3982ms
66 silly ADD node_modules/create-next-app
67 timing command:install Completed in 4010ms
68 verbose exit 0
69 timing npm Completed in 4860ms
70 info ok
