0 verbose cli /home/chand/ON-CBT/nodejs/bin/node /home/chand/ON-CBT/nodejs/bin/npm
1 info using npm@10.2.4
2 info using node@v20.11.0
3 timing npm:load:whichnode Completed in 10ms
4 timing config:load:defaults Completed in 26ms
5 timing config:load:file:/home/chand/ON-CBT/nodejs/lib/node_modules/npm/npmrc Completed in 10ms
6 timing config:load:builtin Completed in 12ms
7 timing config:load:cli Completed in 10ms
8 timing config:load:env Completed in 2ms
9 timing config:load:file:/home/chand/ON-CBT/frontend/.npmrc Completed in 1ms
10 timing config:load:project Completed in 9ms
11 timing config:load:file:/home/chand/.npmrc Completed in 4ms
12 timing config:load:user Completed in 4ms
13 timing config:load:file:/app/etc/npmrc Completed in 5ms
14 timing config:load:global Completed in 5ms
15 timing config:load:setEnvs Completed in 3ms
16 timing config:load Completed in 73ms
17 timing npm:load:configload Completed in 73ms
18 timing config:load:flatten Completed in 12ms
19 timing npm:load:mkdirpcache Completed in 2ms
20 timing npm:load:mkdirplogs Completed in 1ms
21 verbose title npm install axios lucide-react class-variance-authority clsx tailwind-merge
22 verbose argv "install" "axios" "lucide-react" "class-variance-authority" "clsx" "tailwind-merge"
23 timing npm:load:setTitle Completed in 9ms
24 timing npm:load:display Completed in 4ms
25 verbose logfile logs-max:10 dir:/home/chand/ON-CBT/frontend/.npm-local/cache/_logs/2025-12-05T23_36_43_655Z-
26 verbose logfile /home/chand/ON-CBT/frontend/.npm-local/cache/_logs/2025-12-05T23_36_43_655Z-debug-0.log
27 timing npm:load:logFile Completed in 51ms
28 timing npm:load:timers Completed in 1ms
29 timing npm:load:configScope Completed in 1ms
30 timing npm:load Completed in 236ms
31 timing arborist:ctor Completed in 2ms
32 silly logfile done cleaning log files
33 timing idealTree:init Completed in 983ms
34 timing idealTree:userRequests Completed in 7ms
35 silly idealTree buildDeps
36 silly fetch manifest axios@*
37 timing arborist:ctor Completed in 0ms
38 http fetch GET 200 https://registry.npmjs.org/axios 1397ms (cache miss)
39 silly fetch manifest lucide-react@*
40 http fetch GET 200 https://registry.npmjs.org/lucide-react 332ms (cache miss)
41 silly fetch manifest react@19.2.0
42 http fetch GET 200 https://registry.npmjs.org/react 210ms (cache revalidated)
43 silly fetch manifest class-variance-authority@*
44 http fetch GET 200 https://registry.npmjs.org/class-variance-authority 235ms (cache miss)
45 silly fetch manifest clsx@*
46 http fetch GET 200 https://registry.npmjs.org/clsx 172ms (cache miss)
47 silly fetch manifest tailwind-merge@*
48 http fetch GET 200 https://registry.npmjs.org/tailwind-merge 273ms (cache miss)
49 silly placeDep ROOT axios@1.13.2 OK for: frontend@0.1.0 want: *
50 silly fetch manifest follow-redirects@^1.15.6
51 silly fetch manifest form-data@^4.0.4
52 silly fetch manifest proxy-from-env@^1.1.0
53 silly placeDep ROOT class-variance-authority@0.7.1 OK for: frontend@0.1.0 want: *
54 silly fetch manifest clsx@^2.1.1
55 silly placeDep ROOT clsx@2.1.1 OK for: frontend@0.1.0 want: *
56 silly placeDep ROOT lucide-react@0.556.0 OK for: frontend@0.1.0 want: *
57 silly placeDep ROOT tailwind-merge@3.4.0 OK for: frontend@0.1.0 want: *
58 http fetch GET 200 https://registry.npmjs.org/follow-redirects 240ms (cache miss)
59 http fetch GET 200 https://registry.npmjs.org/proxy-from-env 461ms (cache miss)
60 http fetch GET 200 https://registry.npmjs.org/form-data 487ms (cache miss)
61 timing idealTree:#root Completed in 3313ms
62 timing idealTree:node_modules/@tailwindcss/oxide-wasm32-wasi Completed in 0ms
63 silly placeDep ROOT follow-redirects@1.15.11 OK for: axios@1.13.2 want: ^1.15.6
64 silly placeDep ROOT form-data@4.0.5 OK for: axios@1.13.2 want: ^4.0.4
65 silly fetch manifest asynckit@^0.4.0
66 silly fetch manifest combined-stream@^1.0.8
67 silly fetch manifest mime-types@^2.1.12
68 silly placeDep ROOT proxy-from-env@1.1.0 OK for: axios@1.13.2 want: ^1.1.0
69 http fetch GET 200 https://registry.npmjs.org/asynckit 322ms (cache miss)
70 http fetch GET 200 https://registry.npmjs.org/combined-stream 325ms (cache miss)
71 http fetch GET 200 https://registry.npmjs.org/mime-types 343ms (cache miss)
72 timing idealTree:node_modules/axios Completed in 404ms
73 timing idealTree:node_modules/class-variance-authority Completed in 0ms
74 timing idealTree:node_modules/clsx Completed in 0ms
75 timing idealTree:node_modules/follow-redirects Completed in 0ms
76 silly placeDep ROOT asynckit@0.4.0 OK for: form-data@4.0.5 want: ^0.4.0
77 silly placeDep ROOT combined-stream@1.0.8 OK for: form-data@4.0.5 want: ^1.0.8
78 silly fetch manifest delayed-stream@~1.0.0
79 silly placeDep ROOT mime-types@2.1.35 OK for: form-data@4.0.5 want: ^2.1.12
80 silly fetch manifest mime-db@1.52.0
81 http fetch GET 200 https://registry.npmjs.org/delayed-stream 233ms (cache miss)
82 http fetch GET 200 https://registry.npmjs.org/mime-db 245ms (cache miss)
83 timing idealTree:node_modules/form-data Completed in 294ms
84 timing idealTree:node_modules/asynckit Completed in 0ms
85 silly placeDep ROOT delayed-stream@1.0.0 OK for: combined-stream@1.0.8 want: ~1.0.0
86 timing idealTree:node_modules/combined-stream Completed in 15ms
87 timing idealTree:node_modules/delayed-stream Completed in 2ms
88 timing idealTree:node_modules/lucide-react Completed in 0ms
89 silly placeDep ROOT mime-db@1.52.0 OK for: mime-types@2.1.35 want: 1.52.0
90 timing idealTree:node_modules/mime-types Completed in 17ms
91 timing idealTree:node_modules/mime-db Completed in 1ms
92 timing idealTree:node_modules/proxy-from-env Completed in 1ms
93 timing idealTree:node_modules/tailwind-merge Completed in 0ms
94 timing idealTree:buildDeps Completed in 4066ms
95 timing idealTree:fixDepFlags Completed in 63ms
96 timing idealTree Completed in 5211ms
97 timing reify:loadTrees Completed in 5215ms
98 timing reify:diffTrees Completed in 62ms
99 silly reify moves {}
100 timing reify:retireShallow Completed in 4ms
101 timing reify:createSparse Completed in 56ms
102 verbose reify failed optional dependency /home/chand/ON-CBT/frontend/node_modules/@tailwindcss/oxide-wasm32-wasi
103 silly reify mark deleted [
103 silly reify   '/home/chand/ON-CBT/frontend/node_modules/@tailwindcss/oxide-wasm32-wasi'
103 silly reify ]
104 timing reifyNode:node_modules/@tailwindcss/oxide-wasm32-wasi Completed in 20ms
105 timing arborist:ctor Completed in 3ms
106 timing reify:diffTrees Completed in 55ms
107 timing reify:loadBundles Completed in 108ms
108 silly audit bulk request {
108 silly audit   '@alloc/quick-lru': [ '5.2.0' ],
108 silly audit   '@babel/code-frame': [ '7.27.1' ],
108 silly audit   '@babel/compat-data': [ '7.28.5' ],
108 silly audit   '@babel/core': [ '7.28.5' ],
108 silly audit   '@babel/generator': [ '7.28.5' ],
108 silly audit   '@babel/helper-compilation-targets': [ '7.27.2' ],
108 silly audit   '@babel/helper-globals': [ '7.28.0' ],
108 silly audit   '@babel/helper-module-imports': [ '7.27.1' ],
108 silly audit   '@babel/helper-module-transforms': [ '7.28.3' ],
108 silly audit   '@babel/helper-string-parser': [ '7.27.1' ],
108 silly audit   '@babel/helper-validator-identifier': [ '7.28.5' ],
108 silly audit   '@babel/helper-validator-option': [ '7.27.1' ],
108 silly audit   '@babel/helpers': [ '7.28.4' ],
108 silly audit   '@babel/parser': [ '7.28.5' ],
108 silly audit   '@babel/template': [ '7.27.2' ],
108 silly audit   '@babel/traverse': [ '7.28.5' ],
108 silly audit   '@babel/types': [ '7.28.5' ],
108 silly audit   '@emnapi/core': [ '1.7.1' ],
108 silly audit   '@emnapi/runtime': [ '1.7.1' ],
108 silly audit   '@emnapi/wasi-threads': [ '1.1.0' ],
108 silly audit   '@eslint-community/eslint-utils': [ '4.9.0' ],
108 silly audit   'eslint-visitor-keys': [ '3.4.3', '4.2.1' ],
108 silly audit   '@eslint-community/regexpp': [ '4.12.2' ],
108 silly audit   '@eslint/config-array': [ '0.21.1' ],
108 silly audit   '@eslint/config-helpers': [ '0.4.2' ],
108 silly audit   '@eslint/core': [ '0.17.0' ],
108 silly audit   '@eslint/eslintrc': [ '3.3.3' ],
108 silly audit   '@eslint/js': [ '9.39.1' ],
108 silly audit   '@eslint/object-schema': [ '2.1.7' ],
108 silly audit   '@eslint/plugin-kit': [ '0.4.1' ],
108 silly audit   '@humanfs/core': [ '0.19.1' ],
108 silly audit   '@humanfs/node': [ '0.16.7' ],
108 silly audit   '@humanwhocodes/module-importer': [ '1.0.1' ],
108 silly audit   '@humanwhocodes/retry': [ '0.4.3' ],
108 silly audit   '@img/colour': [ '1.0.0' ],
108 silly audit   '@img/sharp-darwin-arm64': [ '0.34.5' ],
108 silly audit   '@img/sharp-darwin-x64': [ '0.34.5' ],
108 silly audit   '@img/sharp-libvips-darwin-arm64': [ '1.2.4' ],
108 silly audit   '@img/sharp-libvips-darwin-x64': [ '1.2.4' ],
108 silly audit   '@img/sharp-libvips-linux-arm': [ '1.2.4' ],
108 silly audit   '@img/sharp-libvips-linux-arm64': [ '1.2.4' ],
108 silly audit   '@img/sharp-libvips-linux-ppc64': [ '1.2.4' ],
108 silly audit   '@img/sharp-libvips-linux-riscv64': [ '1.2.4' ],
108 silly audit   '@img/sharp-libvips-linux-s390x': [ '1.2.4' ],
108 silly audit   '@img/sharp-libvips-linux-x64': [ '1.2.4' ],
108 silly audit   '@img/sharp-libvips-linuxmusl-arm64': [ '1.2.4' ],
108 silly audit   '@img/sharp-libvips-linuxmusl-x64': [ '1.2.4' ],
108 silly audit   '@img/sharp-linux-arm': [ '0.34.5' ],
108 silly audit   '@img/sharp-linux-arm64': [ '0.34.5' ],
108 silly audit   '@img/sharp-linux-ppc64': [ '0.34.5' ],
108 silly audit   '@img/sharp-linux-riscv64': [ '0.34.5' ],
108 silly audit   '@img/sharp-linux-s390x': [ '0.34.5' ],
108 silly audit   '@img/sharp-linux-x64': [ '0.34.5' ],
108 silly audit   '@img/sharp-linuxmusl-arm64': [ '0.34.5' ],
108 silly audit   '@img/sharp-linuxmusl-x64': [ '0.34.5' ],
108 silly audit   '@img/sharp-wasm32': [ '0.34.5' ],
108 silly audit   '@img/sharp-win32-arm64': [ '0.34.5' ],
108 silly audit   '@img/sharp-win32-ia32': [ '0.34.5' ],
108 silly audit   '@img/sharp-win32-x64': [ '0.34.5' ],
108 silly audit   '@jridgewell/gen-mapping': [ '0.3.13' ],
108 silly audit   '@jridgewell/remapping': [ '2.3.5' ],
108 silly audit   '@jridgewell/resolve-uri': [ '3.1.2' ],
108 silly audit   '@jridgewell/sourcemap-codec': [ '1.5.5' ],
108 silly audit   '@jridgewell/trace-mapping': [ '0.3.31' ],
108 silly audit   '@napi-rs/wasm-runtime': [ '0.2.12' ],
108 silly audit   '@next/env': [ '16.0.7' ],
108 silly audit   '@next/eslint-plugin-next': [ '16.0.7' ],
108 silly audit   '@next/swc-darwin-arm64': [ '16.0.7' ],
108 silly audit   '@next/swc-darwin-x64': [ '16.0.7' ],
108 silly audit   '@next/swc-linux-arm64-gnu': [ '16.0.7' ],
108 silly audit   '@next/swc-linux-arm64-musl': [ '16.0.7' ],
108 silly audit   '@next/swc-linux-x64-gnu': [ '16.0.7' ],
108 silly audit   '@next/swc-linux-x64-musl': [ '16.0.7' ],
108 silly audit   '@next/swc-win32-arm64-msvc': [ '16.0.7' ],
108 silly audit   '@next/swc-win32-x64-msvc': [ '16.0.7' ],
108 silly audit   '@nodelib/fs.scandir': [ '2.1.5' ],
108 silly audit   '@nodelib/fs.stat': [ '2.0.5' ],
108 silly audit   '@nodelib/fs.walk': [ '1.2.8' ],
108 silly audit   '@nolyfill/is-core-module': [ '1.0.39' ],
108 silly audit   '@rtsao/scc': [ '1.1.0' ],
108 silly audit   '@swc/helpers': [ '0.5.15' ],
108 silly audit   '@tailwindcss/node': [ '4.1.17' ],
108 silly audit   '@tailwindcss/oxide': [ '4.1.17' ],
108 silly audit   '@tailwindcss/oxide-android-arm64': [ '4.1.17' ],
108 silly audit   '@tailwindcss/oxide-darwin-arm64': [ '4.1.17' ],
108 silly audit   '@tailwindcss/oxide-darwin-x64': [ '4.1.17' ],
108 silly audit   '@tailwindcss/oxide-freebsd-x64': [ '4.1.17' ],
108 silly audit   '@tailwindcss/oxide-linux-arm-gnueabihf': [ '4.1.17' ],
108 silly audit   '@tailwindcss/oxide-linux-arm64-gnu': [ '4.1.17' ],
108 silly audit   '@tailwindcss/oxide-linux-arm64-musl': [ '4.1.17' ],
108 silly audit   '@tailwindcss/oxide-linux-x64-gnu': [ '4.1.17' ],
108 silly audit   '@tailwindcss/oxide-linux-x64-musl': [ '4.1.17' ],
108 silly audit   '@tailwindcss/oxide-win32-arm64-msvc': [ '4.1.17' ],
108 silly audit   '@tailwindcss/oxide-win32-x64-msvc': [ '4.1.17' ],
108 silly audit   '@tailwindcss/postcss': [ '4.1.17' ],
108 silly audit   '@tybys/wasm-util': [ '0.10.1' ],
108 silly audit   '@types/estree': [ '1.0.8' ],
108 silly audit   '@types/json-schema': [ '7.0.15' ],
108 silly audit   '@types/json5': [ '0.0.29' ],
108 silly audit   '@types/node': [ '20.19.25' ],
108 silly audit   '@types/react': [ '19.2.7' ],
108 silly audit   '@types/react-dom': [ '19.2.3' ],
108 silly audit   '@typescript-eslint/eslint-plugin': [ '8.48.1' ],
108 silly audit   ignore: [ '7.0.5', '5.3.2' ],
108 silly audit   '@typescript-eslint/parser': [ '8.48.1' ],
108 silly audit   '@typescript-eslint/project-service': [ '8.48.1' ],
108 silly audit   '@typescript-eslint/scope-manager': [ '8.48.1' ],
108 silly audit   '@typescript-eslint/tsconfig-utils': [ '8.48.1' ],
108 silly audit   '@typescript-eslint/type-utils': [ '8.48.1' ],
108 silly audit   '@typescript-eslint/types': [ '8.48.1' ],
108 silly audit   '@typescript-eslint/typescript-estree': [ '8.48.1' ],
108 silly audit   'brace-expansion': [ '2.0.2', '1.1.12' ],
108 silly audit   minimatch: [ '9.0.5', '3.1.2' ],
108 silly audit   semver: [ '7.7.3', '6.3.1' ],
108 silly audit   '@typescript-eslint/utils': [ '8.48.1' ],
108 silly audit   '@typescript-eslint/visitor-keys': [ '8.48.1' ],
108 silly audit   '@unrs/resolver-binding-android-arm-eabi': [ '1.11.1' ],
108 silly audit   '@unrs/resolver-binding-android-arm64': [ '1.11.1' ],
108 silly audit   '@unrs/resolver-binding-darwin-arm64': [ '1.11.1' ],
108 silly audit   '@unrs/resolver-binding-darwin-x64': [ '1.11.1' ],
108 silly audit   '@unrs/resolver-binding-freebsd-x64': [ '1.11.1' ],
108 silly audit   '@unrs/resolver-binding-linux-arm-gnueabihf': [ '1.11.1' ],
108 silly audit   '@unrs/resolver-binding-linux-arm-musleabihf': [ '1.11.1' ],
108 silly audit   '@unrs/resolver-binding-linux-arm64-gnu': [ '1.11.1' ],
108 silly audit   '@unrs/resolver-binding-linux-arm64-musl': [ '1.11.1' ],
108 silly audit   '@unrs/resolver-binding-linux-ppc64-gnu': [ '1.11.1' ],
108 silly audit   '@unrs/resolver-binding-linux-riscv64-gnu': [ '1.11.1' ],
108 silly audit   '@unrs/resolver-binding-linux-riscv64-musl': [ '1.11.1' ],
108 silly audit   '@unrs/resolver-binding-linux-s390x-gnu': [ '1.11.1' ],
108 silly audit   '@unrs/resolver-binding-linux-x64-gnu': [ '1.11.1' ],
108 silly audit   '@unrs/resolver-binding-linux-x64-musl': [ '1.11.1' ],
108 silly audit   '@unrs/resolver-binding-wasm32-wasi': [ '1.11.1' ],
108 silly audit   '@unrs/resolver-binding-win32-arm64-msvc': [ '1.11.1' ],
108 silly audit   '@unrs/resolver-binding-win32-ia32-msvc': [ '1.11.1' ],
108 silly audit   '@unrs/resolver-binding-win32-x64-msvc': [ '1.11.1' ],
108 silly audit   acorn: [ '8.15.0' ],
108 silly audit   'acorn-jsx': [ '5.3.2' ],
108 silly audit   ajv: [ '6.12.6' ],
108 silly audit   'ansi-styles': [ '4.3.0' ],
108 silly audit   argparse: [ '2.0.1' ],
108 silly audit   'aria-query': [ '5.3.2' ],
108 silly audit   'array-buffer-byte-length': [ '1.0.2' ],
108 silly audit   'array-includes': [ '3.1.9' ],
108 silly audit   'array.prototype.findlast': [ '1.2.5' ],
108 silly audit   'array.prototype.findlastindex': [ '1.2.6' ],
108 silly audit   'array.prototype.flat': [ '1.3.3' ],
108 silly audit   'array.prototype.flatmap': [ '1.3.3' ],
108 silly audit   'array.prototype.tosorted': [ '1.1.4' ],
108 silly audit   'arraybuffer.prototype.slice': [ '1.0.4' ],
108 silly audit   'ast-types-flow': [ '0.0.8' ],
108 silly audit   'async-function': [ '1.0.0' ],
108 silly audit   'available-typed-arrays': [ '1.0.7' ],
108 silly audit   'axe-core': [ '4.11.0' ],
108 silly audit   'axobject-query': [ '4.1.0' ],
108 silly audit   'balanced-match': [ '1.0.2' ],
108 silly audit   'baseline-browser-mapping': [ '2.9.3' ],
108 silly audit   braces: [ '3.0.3' ],
108 silly audit   browserslist: [ '4.28.1' ],
108 silly audit   'call-bind': [ '1.0.8' ],
108 silly audit   'call-bind-apply-helpers': [ '1.0.2' ],
108 silly audit   'call-bound': [ '1.0.4' ],
108 silly audit   callsites: [ '3.1.0' ],
108 silly audit   'caniuse-lite': [ '1.0.30001759' ],
108 silly audit   chalk: [ '4.1.2' ],
108 silly audit   'client-only': [ '0.0.1' ],
108 silly audit   'color-convert': [ '2.0.1' ],
108 silly audit   'color-name': [ '1.1.4' ],
108 silly audit   'concat-map': [ '0.0.1' ],
108 silly audit   'convert-source-map': [ '2.0.0' ],
108 silly audit   'cross-spawn': [ '7.0.6' ],
108 silly audit   csstype: [ '3.2.3' ],
108 silly audit   'damerau-levenshtein': [ '1.0.8' ],
108 silly audit   'data-view-buffer': [ '1.0.2' ],
108 silly audit   'data-view-byte-length': [ '1.0.2' ],
108 silly audit   'data-view-byte-offset': [ '1.0.1' ],
108 silly audit   debug: [ '4.4.3', '3.2.7' ],
108 silly audit   'deep-is': [ '0.1.4' ],
108 silly audit   'define-data-property': [ '1.1.4' ],
108 silly audit   'define-properties': [ '1.2.1' ],
108 silly audit   'detect-libc': [ '2.1.2' ],
108 silly audit   doctrine: [ '2.1.0' ],
108 silly audit   'dunder-proto': [ '1.0.1' ],
108 silly audit   'electron-to-chromium': [ '1.5.266' ],
108 silly audit   'emoji-regex': [ '9.2.2' ],
108 silly audit   'enhanced-resolve': [ '5.18.3' ],
108 silly audit   'es-abstract': [ '1.24.0' ],
108 silly audit   'es-define-property': [ '1.0.1' ],
108 silly audit   'es-errors': [ '1.3.0' ],
108 silly audit   'es-iterator-helpers': [ '1.2.1' ],
108 silly audit   'es-object-atoms': [ '1.1.1' ],
108 silly audit   'es-set-tostringtag': [ '2.1.0' ],
108 silly audit   'es-shim-unscopables': [ '1.1.0' ],
108 silly audit   'es-to-primitive': [ '1.3.0' ],
108 silly audit   escalade: [ '3.2.0' ],
108 silly audit   'escape-string-regexp': [ '4.0.0' ],
108 silly audit   eslint: [ '9.39.1' ],
108 silly audit   'eslint-config-next': [ '16.0.7' ],
108 silly audit   globals: [ '16.4.0', '14.0.0' ],
108 silly audit   'eslint-import-resolver-node': [ '0.3.9' ],
108 silly audit   'eslint-import-resolver-typescript': [ '3.10.1' ],
108 silly audit   'eslint-module-utils': [ '2.12.1' ],
108 silly audit   'eslint-plugin-import': [ '2.32.0' ],
108 silly audit   'eslint-plugin-jsx-a11y': [ '6.10.2' ],
108 silly audit   'eslint-plugin-react': [ '7.37.5' ],
108 silly audit   'eslint-plugin-react-hooks': [ '7.0.1' ],
108 silly audit   resolve: [ '2.0.0-next.5', '1.22.11' ],
108 silly audit   'eslint-scope': [ '8.4.0' ],
108 silly audit   espree: [ '10.4.0' ],
108 silly audit   esquery: [ '1.6.0' ],
108 silly audit   esrecurse: [ '4.3.0' ],
108 silly audit   estraverse: [ '5.3.0' ],
108 silly audit   esutils: [ '2.0.3' ],
108 silly audit   'fast-deep-equal': [ '3.1.3' ],
108 silly audit   'fast-glob': [ '3.3.1' ],
108 silly audit   'glob-parent': [ '5.1.2', '6.0.2' ],
108 silly audit   'fast-json-stable-stringify': [ '2.1.0' ],
108 silly audit   'fast-levenshtein': [ '2.0.6' ],
108 silly audit   fastq: [ '1.19.1' ],
108 silly audit   'file-entry-cache': [ '8.0.0' ],
108 silly audit   'fill-range': [ '7.1.1' ],
108 silly audit   'find-up': [ '5.0.0' ],
108 silly audit   'flat-cache': [ '4.0.1' ],
108 silly audit   flatted: [ '3.3.3' ],
108 silly audit   'for-each': [ '0.3.5' ],
108 silly audit   'function-bind': [ '1.1.2' ],
108 silly audit   'function.prototype.name': [ '1.1.8' ],
108 silly audit   'functions-have-names': [ '1.2.3' ],
108 silly audit   'generator-function': [ '2.0.1' ],
108 silly audit   gensync: [ '1.0.0-beta.2' ],
108 silly audit   'get-intrinsic': [ '1.3.0' ],
108 silly audit   'get-proto': [ '1.0.1' ],
108 silly audit   'get-symbol-description': [ '1.1.0' ],
108 silly audit   'get-tsconfig': [ '4.13.0' ],
108 silly audit   globalthis: [ '1.0.4' ],
108 silly audit   gopd: [ '1.2.0' ],
108 silly audit   'graceful-fs': [ '4.2.11' ],
108 silly audit   graphemer: [ '1.4.0' ],
108 silly audit   'has-bigints': [ '1.1.0' ],
108 silly audit   'has-flag': [ '4.0.0' ],
108 silly audit   'has-property-descriptors': [ '1.0.2' ],
108 silly audit   'has-proto': [ '1.2.0' ],
108 silly audit   'has-symbols': [ '1.1.0' ],
108 silly audit   'has-tostringtag': [ '1.0.2' ],
108 silly audit   hasown: [ '2.0.2' ],
108 silly audit   'hermes-estree': [ '0.25.1' ],
108 silly audit   'hermes-parser': [ '0.25.1' ],
108 silly audit   'import-fresh': [ '3.3.1' ],
108 silly audit   imurmurhash: [ '0.1.4' ],
108 silly audit   'internal-slot': [ '1.1.0' ],
108 silly audit   'is-array-buffer': [ '3.0.5' ],
108 silly audit   'is-async-function': [ '2.1.1' ],
108 silly audit   'is-bigint': [ '1.1.0' ],
108 silly audit   'is-boolean-object': [ '1.2.2' ],
108 silly audit   'is-bun-module': [ '2.0.0' ],
108 silly audit   'is-callable': [ '1.2.7' ],
108 silly audit   'is-core-module': [ '2.16.1' ],
108 silly audit   'is-data-view': [ '1.0.2' ],
108 silly audit   'is-date-object': [ '1.1.0' ],
108 silly audit   'is-extglob': [ '2.1.1' ],
108 silly audit   'is-finalizationregistry': [ '1.1.1' ],
108 silly audit   'is-generator-function': [ '1.1.2' ],
108 silly audit   'is-glob': [ '4.0.3' ],
108 silly audit   'is-map': [ '2.0.3' ],
108 silly audit   'is-negative-zero': [ '2.0.3' ],
108 silly audit   'is-number': [ '7.0.0' ],
108 silly audit   'is-number-object': [ '1.1.1' ],
108 silly audit   'is-regex': [ '1.2.1' ],
108 silly audit   'is-set': [ '2.0.3' ],
108 silly audit   'is-shared-array-buffer': [ '1.0.4' ],
108 silly audit   'is-string': [ '1.1.1' ],
108 silly audit   'is-symbol': [ '1.1.1' ],
108 silly audit   'is-typed-array': [ '1.1.15' ],
108 silly audit   'is-weakmap': [ '2.0.2' ],
108 silly audit   'is-weakref': [ '1.1.1' ],
108 silly audit   'is-weakset': [ '2.0.4' ],
108 silly audit   isarray: [ '2.0.5' ],
108 silly audit   isexe: [ '2.0.0' ],
108 silly audit   'iterator.prototype': [ '1.1.5' ],
108 silly audit   jiti: [ '2.6.1' ],
108 silly audit   'js-tokens': [ '4.0.0' ],
108 silly audit   'js-yaml': [ '4.1.1' ],
108 silly audit   jsesc: [ '3.1.0' ],
108 silly audit   'json-buffer': [ '3.0.1' ],
108 silly audit   'json-schema-traverse': [ '0.4.1' ],
108 silly audit   'json-stable-stringify-without-jsonify': [ '1.0.1' ],
108 silly audit   json5: [ '2.2.3', '1.0.2' ],
108 silly audit   'jsx-ast-utils': [ '3.3.5' ],
108 silly audit   keyv: [ '4.5.4' ],
108 silly audit   'language-subtag-registry': [ '0.3.23' ],
108 silly audit   'language-tags': [ '1.0.9' ],
108 silly audit   levn: [ '0.4.1' ],
108 silly audit   lightningcss: [ '1.30.2' ],
108 silly audit   'lightningcss-android-arm64': [ '1.30.2' ],
108 silly audit   'lightningcss-darwin-arm64': [ '1.30.2' ],
108 silly audit   'lightningcss-darwin-x64': [ '1.30.2' ],
108 silly audit   'lightningcss-freebsd-x64': [ '1.30.2' ],
108 silly audit   'lightningcss-linux-arm-gnueabihf': [ '1.30.2' ],
108 silly audit   'lightningcss-linux-arm64-gnu': [ '1.30.2' ],
108 silly audit   'lightningcss-linux-arm64-musl': [ '1.30.2' ],
108 silly audit   'lightningcss-linux-x64-gnu': [ '1.30.2' ],
108 silly audit   'lightningcss-linux-x64-musl': [ '1.30.2' ],
108 silly audit   'lightningcss-win32-arm64-msvc': [ '1.30.2' ],
108 silly audit   'lightningcss-win32-x64-msvc': [ '1.30.2' ],
108 silly audit   'locate-path': [ '6.0.0' ],
108 silly audit   'lodash.merge': [ '4.6.2' ],
108 silly audit   'loose-envify': [ '1.4.0' ],
108 silly audit   'lru-cache': [ '5.1.1' ],
108 silly audit   'magic-string': [ '0.30.21' ],
108 silly audit   'math-intrinsics': [ '1.1.0' ],
108 silly audit   merge2: [ '1.4.1' ],
108 silly audit   micromatch: [ '4.0.8' ],
108 silly audit   minimist: [ '1.2.8' ],
108 silly audit   ms: [ '2.1.3' ],
108 silly audit   nanoid: [ '3.3.11' ],
108 silly audit   'napi-postinstall': [ '0.3.4' ],
108 silly audit   'natural-compare': [ '1.4.0' ],
108 silly audit   next: [ '16.0.7' ],
108 silly audit   postcss: [ '8.4.31', '8.5.6' ],
108 silly audit   'node-releases': [ '2.0.27' ],
108 silly audit   'object-assign': [ '4.1.1' ],
108 silly audit   'object-inspect': [ '1.13.4' ],
108 silly audit   'object-keys': [ '1.1.1' ],
108 silly audit   'object.assign': [ '4.1.7' ],
108 silly audit   'object.entries': [ '1.1.9' ],
108 silly audit   'object.fromentries': [ '2.0.8' ],
108 silly audit   'object.groupby': [ '1.0.3' ],
108 silly audit   'object.values': [ '1.2.1' ],
108 silly audit   optionator: [ '0.9.4' ],
108 silly audit   'own-keys': [ '1.0.1' ],
108 silly audit   'p-limit': [ '3.1.0' ],
108 silly audit   'p-locate': [ '5.0.0' ],
108 silly audit   'parent-module': [ '1.0.1' ],
108 silly audit   'path-exists': [ '4.0.0' ],
108 silly audit   'path-key': [ '3.1.1' ],
108 silly audit   'path-parse': [ '1.0.7' ],
108 silly audit   picocolors: [ '1.1.1' ],
108 silly audit   picomatch: [ '2.3.1', '4.0.3' ],
108 silly audit   'possible-typed-array-names': [ '1.1.0' ],
108 silly audit   'prelude-ls': [ '1.2.1' ],
108 silly audit   'prop-types': [ '15.8.1' ],
108 silly audit   punycode: [ '2.3.1' ],
108 silly audit   'queue-microtask': [ '1.2.3' ],
108 silly audit   react: [ '19.2.0' ],
108 silly audit   'react-dom': [ '19.2.0' ],
108 silly audit   'react-is': [ '16.13.1' ],
108 silly audit   'reflect.getprototypeof': [ '1.0.10' ],
108 silly audit   'regexp.prototype.flags': [ '1.5.4' ],
108 silly audit   'resolve-from': [ '4.0.0' ],
108 silly audit   'resolve-pkg-maps': [ '1.0.0' ],
108 silly audit   reusify: [ '1.1.0' ],
108 silly audit   'run-parallel': [ '1.2.0' ],
108 silly audit   'safe-array-concat': [ '1.1.3' ],
108 silly audit   'safe-push-apply': [ '1.0.0' ],
108 silly audit   'safe-regex-test': [ '1.1.0' ],
108 silly audit   scheduler: [ '0.27.0' ],
108 silly audit   'set-function-length': [ '1.2.2' ],
108 silly audit   'set-function-name': [ '2.0.2' ],
108 silly audit   'set-proto': [ '1.0.0' ],
108 silly audit   sharp: [ '0.34.5' ],
108 silly audit   'shebang-command': [ '2.0.0' ],
108 silly audit   'shebang-regex': [ '3.0.0' ],
108 silly audit   'side-channel': [ '1.1.0' ],
108 silly audit   'side-channel-list': [ '1.0.0' ],
108 silly audit   'side-channel-map': [ '1.0.1' ],
108 silly audit   'side-channel-weakmap': [ '1.0.2' ],
108 silly audit   'source-map-js': [ '1.2.1' ],
108 silly audit   'stable-hash': [ '0.0.5' ],
108 silly audit   'stop-iteration-iterator': [ '1.1.0' ],
108 silly audit   'string.prototype.includes': [ '2.0.1' ],
108 silly audit   'string.prototype.matchall': [ '4.0.12' ],
108 silly audit   'string.prototype.repeat': [ '1.0.0' ],
108 silly audit   'string.prototype.trim': [ '1.2.10' ],
108 silly audit   'string.prototype.trimend': [ '1.0.9' ],
108 silly audit   'string.prototype.trimstart': [ '1.0.8' ],
108 silly audit   'strip-bom': [ '3.0.0' ],
108 silly audit   'strip-json-comments': [ '3.1.1' ],
108 silly audit   'styled-jsx': [ '5.1.6' ],
108 silly audit   'supports-color': [ '7.2.0' ],
108 silly audit   'supports-preserve-symlinks-flag': [ '1.0.0' ],
108 silly audit   tailwindcss: [ '4.1.17' ],
108 silly audit   tapable: [ '2.3.0' ],
108 silly audit   tinyglobby: [ '0.2.15' ],
108 silly audit   fdir: [ '6.5.0' ],
108 silly audit   'to-regex-range': [ '5.0.1' ],
108 silly audit   'ts-api-utils': [ '2.1.0' ],
108 silly audit   'tsconfig-paths': [ '3.15.0' ],
108 silly audit   tslib: [ '2.8.1' ],
108 silly audit   'type-check': [ '0.4.0' ],
108 silly audit   'typed-array-buffer': [ '1.0.3' ],
108 silly audit   'typed-array-byte-length': [ '1.0.3' ],
108 silly audit   'typed-array-byte-offset': [ '1.0.4' ],
108 silly audit   'typed-array-length': [ '1.0.7' ],
108 silly audit   typescript: [ '5.9.3' ],
108 silly audit   'typescript-eslint': [ '8.48.1' ],
108 silly audit   'unbox-primitive': [ '1.1.0' ],
108 silly audit   'undici-types': [ '6.21.0' ],
108 silly audit   'unrs-resolver': [ '1.11.1' ],
108 silly audit   'update-browserslist-db': [ '1.2.2' ],
108 silly audit   'uri-js': [ '4.4.1' ],
108 silly audit   which: [ '2.0.2' ],
108 silly audit   'which-boxed-primitive': [ '1.1.1' ],
108 silly audit   'which-builtin-type': [ '1.2.1' ],
108 silly audit   'which-collection': [ '1.0.2' ],
108 silly audit   'which-typed-array': [ '1.1.19' ],
108 silly audit   'word-wrap': [ '1.2.5' ],
108 silly audit   yallist: [ '3.1.1' ],
108 silly audit   'yocto-queue': [ '0.1.0' ],
108 silly audit   zod: [ '4.1.13' ],
108 silly audit   'zod-validation-error': [ '4.0.2' ],
108 silly audit   axios: [ '1.13.2' ],
108 silly audit   'class-variance-authority': [ '0.7.1' ],
108 silly audit   clsx: [ '2.1.1' ],
108 silly audit   'lucide-react': [ '0.556.0' ],
108 silly audit   'tailwind-merge': [ '3.4.0' ],
108 silly audit   'follow-redirects': [ '1.15.11' ],
108 silly audit   'form-data': [ '4.0.5' ],
108 silly audit   'proxy-from-env': [ '1.1.0' ],
108 silly audit   asynckit: [ '0.4.0' ],
108 silly audit   'combined-stream': [ '1.0.8' ],
108 silly audit   'mime-types': [ '2.1.35' ],
108 silly audit   'delayed-stream': [ '1.0.0' ],
108 silly audit   'mime-db': [ '1.52.0' ],
108 silly audit   '@tailwindcss/oxide-wasm32-wasi': [ '4.1.17' ]
108 silly audit }
109 verbose reify failed optional dependency /home/chand/ON-CBT/frontend/node_modules/lightningcss-win32-x64-msvc
110 silly reify mark deleted [
110 silly reify   '/home/chand/ON-CBT/frontend/node_modules/lightningcss-win32-x64-msvc'
110 silly reify ]
111 verbose reify failed optional dependency /home/chand/ON-CBT/frontend/node_modules/lightningcss-win32-arm64-msvc
112 silly reify mark deleted [
112 silly reify   '/home/chand/ON-CBT/frontend/node_modules/lightningcss-win32-arm64-msvc'
112 silly reify ]
113 verbose reify failed optional dependency /home/chand/ON-CBT/frontend/node_modules/lightningcss-linux-arm64-musl
114 silly reify mark deleted [
114 silly reify   '/home/chand/ON-CBT/frontend/node_modules/lightningcss-linux-arm64-musl'
114 silly reify ]
115 verbose reify failed optional dependency /home/chand/ON-CBT/frontend/node_modules/lightningcss-linux-arm64-gnu
116 silly reify mark deleted [
116 silly reify   '/home/chand/ON-CBT/frontend/node_modules/lightningcss-linux-arm64-gnu'
116 silly reify ]
117 verbose reify failed optional dependency /home/chand/ON-CBT/frontend/node_modules/lightningcss-linux-arm-gnueabihf
118 silly reify mark deleted [
118 silly reify   '/home/chand/ON-CBT/frontend/node_modules/lightningcss-linux-arm-gnueabihf'
118 silly reify ]
119 verbose reify failed optional dependency /home/chand/ON-CBT/frontend/node_modules/lightningcss-freebsd-x64
120 silly reify mark deleted [ '/home/chand/ON-CBT/frontend/node_modules/lightningcss-freebsd-x64' ]
121 verbose reify failed optional dependency /home/chand/ON-CBT/frontend/node_modules/lightningcss-darwin-x64
122 silly reify mark deleted [ '/home/chand/ON-CBT/frontend/node_modules/lightningcss-darwin-x64' ]
123 verbose reify failed optional dependency /home/chand/ON-CBT/frontend/node_modules/lightningcss-darwin-arm64
124 silly reify mark deleted [
124 silly reify   '/home/chand/ON-CBT/frontend/node_modules/lightningcss-darwin-arm64'
124 silly reify ]
125 verbose reify failed optional dependency /home/chand/ON-CBT/frontend/node_modules/lightningcss-android-arm64
126 silly reify mark deleted [
126 silly reify   '/home/chand/ON-CBT/frontend/node_modules/lightningcss-android-arm64'
126 silly reify ]
127 verbose reify failed optional dependency /home/chand/ON-CBT/frontend/node_modules/@unrs/resolver-binding-win32-x64-msvc
128 silly reify mark deleted [
128 silly reify   '/home/chand/ON-CBT/frontend/node_modules/@unrs/resolver-binding-win32-x64-msvc'
128 silly reify ]
129 verbose reify failed optional dependency /home/chand/ON-CBT/frontend/node_modules/@unrs/resolver-binding-win32-ia32-msvc
130 silly reify mark deleted [
130 silly reify   '/home/chand/ON-CBT/frontend/node_modules/@unrs/resolver-binding-win32-ia32-msvc'
130 silly reify ]
131 verbose reify failed optional dependency /home/chand/ON-CBT/frontend/node_modules/@unrs/resolver-binding-win32-arm64-msvc
132 silly reify mark deleted [
132 silly reify   '/home/chand/ON-CBT/frontend/node_modules/@unrs/resolver-binding-win32-arm64-msvc'
132 silly reify ]
133 verbose reify failed optional dependency /home/chand/ON-CBT/frontend/node_modules/@unrs/resolver-binding-wasm32-wasi
134 silly reify mark deleted [
134 silly reify   '/home/chand/ON-CBT/frontend/node_modules/@unrs/resolver-binding-wasm32-wasi'
134 silly reify ]
135 verbose reify failed optional dependency /home/chand/ON-CBT/frontend/node_modules/@unrs/resolver-binding-linux-s390x-gnu
136 silly reify mark deleted [
136 silly reify   '/home/chand/ON-CBT/frontend/node_modules/@unrs/resolver-binding-linux-s390x-gnu'
136 silly reify ]
137 verbose reify failed optional dependency /home/chand/ON-CBT/frontend/node_modules/@unrs/resolver-binding-linux-riscv64-musl
138 silly reify mark deleted [
138 silly reify   '/home/chand/ON-CBT/frontend/node_modules/@unrs/resolver-binding-linux-riscv64-musl'
138 silly reify ]
139 verbose reify failed optional dependency /home/chand/ON-CBT/frontend/node_modules/@unrs/resolver-binding-linux-riscv64-gnu
140 silly reify mark deleted [
140 silly reify   '/home/chand/ON-CBT/frontend/node_modules/@unrs/resolver-binding-linux-riscv64-gnu'
140 silly reify ]
141 verbose reify failed optional dependency /home/chand/ON-CBT/frontend/node_modules/@unrs/resolver-binding-linux-ppc64-gnu
142 silly reify mark deleted [
142 silly reify   '/home/chand/ON-CBT/frontend/node_modules/@unrs/resolver-binding-linux-ppc64-gnu'
142 silly reify ]
143 verbose reify failed optional dependency /home/chand/ON-CBT/frontend/node_modules/@unrs/resolver-binding-linux-arm64-musl
144 silly reify mark deleted [
144 silly reify   '/home/chand/ON-CBT/frontend/node_modules/@unrs/resolver-binding-linux-arm64-musl'
144 silly reify ]
145 verbose reify failed optional dependency /home/chand/ON-CBT/frontend/node_modules/@unrs/resolver-binding-linux-arm64-gnu
146 silly reify mark deleted [
146 silly reify   '/home/chand/ON-CBT/frontend/node_modules/@unrs/resolver-binding-linux-arm64-gnu'
146 silly reify ]
147 verbose reify failed optional dependency /home/chand/ON-CBT/frontend/node_modules/@unrs/resolver-binding-linux-arm-musleabihf
148 silly reify mark deleted [
148 silly reify   '/home/chand/ON-CBT/frontend/node_modules/@unrs/resolver-binding-linux-arm-musleabihf'
148 silly reify ]
149 verbose reify failed optional dependency /home/chand/ON-CBT/frontend/node_modules/@unrs/resolver-binding-linux-arm-gnueabihf
150 silly reify mark deleted [
150 silly reify   '/home/chand/ON-CBT/frontend/node_modules/@unrs/resolver-binding-linux-arm-gnueabihf'
150 silly reify ]
151 verbose reify failed optional dependency /home/chand/ON-CBT/frontend/node_modules/@unrs/resolver-binding-freebsd-x64
152 silly reify mark deleted [
152 silly reify   '/home/chand/ON-CBT/frontend/node_modules/@unrs/resolver-binding-freebsd-x64'
152 silly reify ]
153 verbose reify failed optional dependency /home/chand/ON-CBT/frontend/node_modules/@unrs/resolver-binding-darwin-x64
154 silly reify mark deleted [
154 silly reify   '/home/chand/ON-CBT/frontend/node_modules/@unrs/resolver-binding-darwin-x64'
154 silly reify ]
155 verbose reify failed optional dependency /home/chand/ON-CBT/frontend/node_modules/@unrs/resolver-binding-darwin-arm64
156 silly reify mark deleted [
156 silly reify   '/home/chand/ON-CBT/frontend/node_modules/@unrs/resolver-binding-darwin-arm64'
156 silly reify ]
157 verbose reify failed optional dependency /home/chand/ON-CBT/frontend/node_modules/@unrs/resolver-binding-android-arm64
158 silly reify mark deleted [
158 silly reify   '/home/chand/ON-CBT/frontend/node_modules/@unrs/resolver-binding-android-arm64'
158 silly reify ]
159 verbose reify failed optional dependency /home/chand/ON-CBT/frontend/node_modules/@unrs/resolver-binding-android-arm-eabi
160 silly reify mark deleted [
160 silly reify   '/home/chand/ON-CBT/frontend/node_modules/@unrs/resolver-binding-android-arm-eabi'
160 silly reify ]
161 verbose reify failed optional dependency /home/chand/ON-CBT/frontend/node_modules/@tailwindcss/oxide-win32-x64-msvc
162 silly reify mark deleted [
162 silly reify   '/home/chand/ON-CBT/frontend/node_modules/@tailwindcss/oxide-win32-x64-msvc'
162 silly reify ]
163 verbose reify failed optional dependency /home/chand/ON-CBT/frontend/node_modules/@tailwindcss/oxide-win32-arm64-msvc
164 silly reify mark deleted [
164 silly reify   '/home/chand/ON-CBT/frontend/node_modules/@tailwindcss/oxide-win32-arm64-msvc'
164 silly reify ]
165 verbose reify failed optional dependency /home/chand/ON-CBT/frontend/node_modules/@tailwindcss/oxide-linux-arm64-musl
166 silly reify mark deleted [
166 silly reify   '/home/chand/ON-CBT/frontend/node_modules/@tailwindcss/oxide-linux-arm64-musl'
166 silly reify ]
167 verbose reify failed optional dependency /home/chand/ON-CBT/frontend/node_modules/@tailwindcss/oxide-linux-arm64-gnu
168 silly reify mark deleted [
168 silly reify   '/home/chand/ON-CBT/frontend/node_modules/@tailwindcss/oxide-linux-arm64-gnu'
168 silly reify ]
169 verbose reify failed optional dependency /home/chand/ON-CBT/frontend/node_modules/@tailwindcss/oxide-linux-arm-gnueabihf
170 silly reify mark deleted [
170 silly reify   '/home/chand/ON-CBT/frontend/node_modules/@tailwindcss/oxide-linux-arm-gnueabihf'
170 silly reify ]
171 verbose reify failed optional dependency /home/chand/ON-CBT/frontend/node_modules/@tailwindcss/oxide-freebsd-x64
172 silly reify mark deleted [
172 silly reify   '/home/chand/ON-CBT/frontend/node_modules/@tailwindcss/oxide-freebsd-x64'
172 silly reify ]
173 verbose reify failed optional dependency /home/chand/ON-CBT/frontend/node_modules/@tailwindcss/oxide-darwin-x64
174 silly reify mark deleted [
174 silly reify   '/home/chand/ON-CBT/frontend/node_modules/@tailwindcss/oxide-darwin-x64'
174 silly reify ]
175 verbose reify failed optional dependency /home/chand/ON-CBT/frontend/node_modules/@tailwindcss/oxide-darwin-arm64
176 silly reify mark deleted [
176 silly reify   '/home/chand/ON-CBT/frontend/node_modules/@tailwindcss/oxide-darwin-arm64'
176 silly reify ]
177 verbose reify failed optional dependency /home/chand/ON-CBT/frontend/node_modules/@tailwindcss/oxide-android-arm64
178 silly reify mark deleted [
178 silly reify   '/home/chand/ON-CBT/frontend/node_modules/@tailwindcss/oxide-android-arm64'
178 silly reify ]
179 verbose reify failed optional dependency /home/chand/ON-CBT/frontend/node_modules/@next/swc-win32-x64-msvc
180 silly reify mark deleted [ '/home/chand/ON-CBT/frontend/node_modules/@next/swc-win32-x64-msvc' ]
181 verbose reify failed optional dependency /home/chand/ON-CBT/frontend/node_modules/@next/swc-win32-arm64-msvc
182 silly reify mark deleted [
182 silly reify   '/home/chand/ON-CBT/frontend/node_modules/@next/swc-win32-arm64-msvc'
182 silly reify ]
183 verbose reify failed optional dependency /home/chand/ON-CBT/frontend/node_modules/@next/swc-linux-arm64-musl
184 silly reify mark deleted [
184 silly reify   '/home/chand/ON-CBT/frontend/node_modules/@next/swc-linux-arm64-musl'
184 silly reify ]
185 verbose reify failed optional dependency /home/chand/ON-CBT/frontend/node_modules/@next/swc-linux-arm64-gnu
186 silly reify mark deleted [
186 silly reify   '/home/chand/ON-CBT/frontend/node_modules/@next/swc-linux-arm64-gnu'
186 silly reify ]
187 verbose reify failed optional dependency /home/chand/ON-CBT/frontend/node_modules/@next/swc-darwin-x64
188 silly reify mark deleted [ '/home/chand/ON-CBT/frontend/node_modules/@next/swc-darwin-x64' ]
189 verbose reify failed optional dependency /home/chand/ON-CBT/frontend/node_modules/@next/swc-darwin-arm64
190 silly reify mark deleted [ '/home/chand/ON-CBT/frontend/node_modules/@next/swc-darwin-arm64' ]
191 verbose reify failed optional dependency /home/chand/ON-CBT/frontend/node_modules/@img/sharp-win32-x64
192 silly reify mark deleted [ '/home/chand/ON-CBT/frontend/node_modules/@img/sharp-win32-x64' ]
193 verbose reify failed optional dependency /home/chand/ON-CBT/frontend/node_modules/@img/sharp-win32-ia32
194 silly reify mark deleted [ '/home/chand/ON-CBT/frontend/node_modules/@img/sharp-win32-ia32' ]
195 verbose reify failed optional dependency /home/chand/ON-CBT/frontend/node_modules/@img/sharp-win32-arm64
196 silly reify mark deleted [ '/home/chand/ON-CBT/frontend/node_modules/@img/sharp-win32-arm64' ]
197 verbose reify failed optional dependency /home/chand/ON-CBT/frontend/node_modules/@img/sharp-wasm32
198 silly reify mark deleted [ '/home/chand/ON-CBT/frontend/node_modules/@img/sharp-wasm32' ]
199 verbose reify failed optional dependency /home/chand/ON-CBT/frontend/node_modules/@img/sharp-linuxmusl-arm64
200 silly reify mark deleted [
200 silly reify   '/home/chand/ON-CBT/frontend/node_modules/@img/sharp-linuxmusl-arm64'
200 silly reify ]
201 verbose reify failed optional dependency /home/chand/ON-CBT/frontend/node_modules/@img/sharp-linux-s390x
202 silly reify mark deleted [ '/home/chand/ON-CBT/frontend/node_modules/@img/sharp-linux-s390x' ]
203 verbose reify failed optional dependency /home/chand/ON-CBT/frontend/node_modules/@img/sharp-linux-riscv64
204 silly reify mark deleted [ '/home/chand/ON-CBT/frontend/node_modules/@img/sharp-linux-riscv64' ]
205 verbose reify failed optional dependency /home/chand/ON-CBT/frontend/node_modules/@img/sharp-linux-ppc64
206 silly reify mark deleted [ '/home/chand/ON-CBT/frontend/node_modules/@img/sharp-linux-ppc64' ]
207 verbose reify failed optional dependency /home/chand/ON-CBT/frontend/node_modules/@img/sharp-linux-arm64
208 silly reify mark deleted [ '/home/chand/ON-CBT/frontend/node_modules/@img/sharp-linux-arm64' ]
209 verbose reify failed optional dependency /home/chand/ON-CBT/frontend/node_modules/@img/sharp-linux-arm
210 silly reify mark deleted [ '/home/chand/ON-CBT/frontend/node_modules/@img/sharp-linux-arm' ]
211 verbose reify failed optional dependency /home/chand/ON-CBT/frontend/node_modules/@img/sharp-libvips-linuxmusl-arm64
212 silly reify mark deleted [
212 silly reify   '/home/chand/ON-CBT/frontend/node_modules/@img/sharp-libvips-linuxmusl-arm64'
212 silly reify ]
213 verbose reify failed optional dependency /home/chand/ON-CBT/frontend/node_modules/@img/sharp-libvips-linux-s390x
214 silly reify mark deleted [
214 silly reify   '/home/chand/ON-CBT/frontend/node_modules/@img/sharp-libvips-linux-s390x'
214 silly reify ]
215 verbose reify failed optional dependency /home/chand/ON-CBT/frontend/node_modules/@img/sharp-libvips-linux-riscv64
216 silly reify mark deleted [
216 silly reify   '/home/chand/ON-CBT/frontend/node_modules/@img/sharp-libvips-linux-riscv64'
216 silly reify ]
217 verbose reify failed optional dependency /home/chand/ON-CBT/frontend/node_modules/@img/sharp-libvips-linux-ppc64
218 silly reify mark deleted [
218 silly reify   '/home/chand/ON-CBT/frontend/node_modules/@img/sharp-libvips-linux-ppc64'
218 silly reify ]
219 verbose reify failed optional dependency /home/chand/ON-CBT/frontend/node_modules/@img/sharp-libvips-linux-arm64
220 silly reify mark deleted [
220 silly reify   '/home/chand/ON-CBT/frontend/node_modules/@img/sharp-libvips-linux-arm64'
220 silly reify ]
221 verbose reify failed optional dependency /home/chand/ON-CBT/frontend/node_modules/@img/sharp-libvips-linux-arm
222 silly reify mark deleted [
222 silly reify   '/home/chand/ON-CBT/frontend/node_modules/@img/sharp-libvips-linux-arm'
222 silly reify ]
223 verbose reify failed optional dependency /home/chand/ON-CBT/frontend/node_modules/@img/sharp-libvips-darwin-x64
224 silly reify mark deleted [
224 silly reify   '/home/chand/ON-CBT/frontend/node_modules/@img/sharp-libvips-darwin-x64'
224 silly reify ]
225 verbose reify failed optional dependency /home/chand/ON-CBT/frontend/node_modules/@img/sharp-libvips-darwin-arm64
226 silly reify mark deleted [
226 silly reify   '/home/chand/ON-CBT/frontend/node_modules/@img/sharp-libvips-darwin-arm64'
226 silly reify ]
227 verbose reify failed optional dependency /home/chand/ON-CBT/frontend/node_modules/@img/sharp-darwin-x64
228 silly reify mark deleted [ '/home/chand/ON-CBT/frontend/node_modules/@img/sharp-darwin-x64' ]
229 verbose reify failed optional dependency /home/chand/ON-CBT/frontend/node_modules/@img/sharp-darwin-arm64
230 silly reify mark deleted [ '/home/chand/ON-CBT/frontend/node_modules/@img/sharp-darwin-arm64' ]
231 timing reifyNode:node_modules/lightningcss-win32-x64-msvc Completed in 81ms
232 timing reifyNode:node_modules/lightningcss-win32-arm64-msvc Completed in 82ms
233 timing reifyNode:node_modules/lightningcss-linux-arm64-musl Completed in 81ms
234 timing reifyNode:node_modules/lightningcss-linux-arm64-gnu Completed in 82ms
235 timing reifyNode:node_modules/lightningcss-linux-arm-gnueabihf Completed in 77ms
236 timing reifyNode:node_modules/lightningcss-freebsd-x64 Completed in 77ms
237 timing reifyNode:node_modules/lightningcss-darwin-x64 Completed in 77ms
238 timing reifyNode:node_modules/lightningcss-darwin-arm64 Completed in 77ms
239 timing reifyNode:node_modules/lightningcss-android-arm64 Completed in 77ms
240 timing reifyNode:node_modules/@unrs/resolver-binding-win32-x64-msvc Completed in 77ms
241 timing reifyNode:node_modules/@unrs/resolver-binding-win32-ia32-msvc Completed in 77ms
242 timing reifyNode:node_modules/@unrs/resolver-binding-win32-arm64-msvc Completed in 77ms
243 timing reifyNode:node_modules/@unrs/resolver-binding-wasm32-wasi Completed in 77ms
244 timing reifyNode:node_modules/@unrs/resolver-binding-linux-s390x-gnu Completed in 77ms
245 timing reifyNode:node_modules/@unrs/resolver-binding-linux-riscv64-musl Completed in 77ms
246 timing reifyNode:node_modules/@unrs/resolver-binding-linux-riscv64-gnu Completed in 76ms
247 timing reifyNode:node_modules/@unrs/resolver-binding-linux-ppc64-gnu Completed in 77ms
248 timing reifyNode:node_modules/@unrs/resolver-binding-linux-arm64-musl Completed in 77ms
249 timing reifyNode:node_modules/@unrs/resolver-binding-linux-arm64-gnu Completed in 76ms
250 timing reifyNode:node_modules/@unrs/resolver-binding-linux-arm-musleabihf Completed in 76ms
251 timing reifyNode:node_modules/@unrs/resolver-binding-linux-arm-gnueabihf Completed in 77ms
252 timing reifyNode:node_modules/@unrs/resolver-binding-freebsd-x64 Completed in 77ms
253 timing reifyNode:node_modules/@unrs/resolver-binding-darwin-x64 Completed in 76ms
254 timing reifyNode:node_modules/@unrs/resolver-binding-darwin-arm64 Completed in 76ms
255 timing reifyNode:node_modules/@unrs/resolver-binding-android-arm64 Completed in 77ms
256 timing reifyNode:node_modules/@unrs/resolver-binding-android-arm-eabi Completed in 76ms
257 timing reifyNode:node_modules/@tailwindcss/oxide-win32-x64-msvc Completed in 76ms
258 timing reifyNode:node_modules/@tailwindcss/oxide-win32-arm64-msvc Completed in 76ms
259 timing reifyNode:node_modules/@tailwindcss/oxide-linux-arm64-musl Completed in 76ms
260 timing reifyNode:node_modules/@tailwindcss/oxide-linux-arm64-gnu Completed in 76ms
261 timing reifyNode:node_modules/@tailwindcss/oxide-linux-arm-gnueabihf Completed in 76ms
262 timing reifyNode:node_modules/@tailwindcss/oxide-freebsd-x64 Completed in 76ms
263 timing reifyNode:node_modules/@tailwindcss/oxide-darwin-x64 Completed in 76ms
264 timing reifyNode:node_modules/@tailwindcss/oxide-darwin-arm64 Completed in 76ms
265 timing reifyNode:node_modules/@tailwindcss/oxide-android-arm64 Completed in 74ms
266 timing reifyNode:node_modules/@next/swc-win32-x64-msvc Completed in 74ms
267 timing reifyNode:node_modules/@next/swc-win32-arm64-msvc Completed in 74ms
268 timing reifyNode:node_modules/@next/swc-linux-arm64-musl Completed in 74ms
269 timing reifyNode:node_modules/@next/swc-linux-arm64-gnu Completed in 74ms
270 timing reifyNode:node_modules/@next/swc-darwin-x64 Completed in 73ms
271 timing reifyNode:node_modules/@next/swc-darwin-arm64 Completed in 75ms
272 timing reifyNode:node_modules/@img/sharp-win32-x64 Completed in 75ms
273 timing reifyNode:node_modules/@img/sharp-win32-ia32 Completed in 75ms
274 timing reifyNode:node_modules/@img/sharp-win32-arm64 Completed in 75ms
275 timing reifyNode:node_modules/@img/sharp-wasm32 Completed in 76ms
276 timing reifyNode:node_modules/@img/sharp-linuxmusl-arm64 Completed in 76ms
277 timing reifyNode:node_modules/@img/sharp-linux-s390x Completed in 77ms
278 timing reifyNode:node_modules/@img/sharp-linux-riscv64 Completed in 78ms
279 timing reifyNode:node_modules/@img/sharp-linux-ppc64 Completed in 77ms
280 timing reifyNode:node_modules/@img/sharp-linux-arm64 Completed in 78ms
281 timing reifyNode:node_modules/@img/sharp-linux-arm Completed in 77ms
282 timing reifyNode:node_modules/@img/sharp-libvips-linuxmusl-arm64 Completed in 77ms
283 timing reifyNode:node_modules/@img/sharp-libvips-linux-s390x Completed in 77ms
284 timing reifyNode:node_modules/@img/sharp-libvips-linux-riscv64 Completed in 76ms
285 timing reifyNode:node_modules/@img/sharp-libvips-linux-ppc64 Completed in 77ms
286 timing reifyNode:node_modules/@img/sharp-libvips-linux-arm64 Completed in 77ms
287 timing reifyNode:node_modules/@img/sharp-libvips-linux-arm Completed in 77ms
288 timing reifyNode:node_modules/@img/sharp-libvips-darwin-x64 Completed in 76ms
289 timing reifyNode:node_modules/@img/sharp-libvips-darwin-arm64 Completed in 76ms
290 timing reifyNode:node_modules/@img/sharp-darwin-x64 Completed in 77ms
291 timing reifyNode:node_modules/@img/sharp-darwin-arm64 Completed in 77ms
292 silly tarball no local data for mime-db@https://registry.npmjs.org/mime-db/-/mime-db-1.52.0.tgz. Extracting by manifest.
293 silly tarball no local data for delayed-stream@https://registry.npmjs.org/delayed-stream/-/delayed-stream-1.0.0.tgz. Extracting by manifest.
294 silly tarball no local data for mime-types@https://registry.npmjs.org/mime-types/-/mime-types-2.1.35.tgz. Extracting by manifest.
295 silly tarball no local data for asynckit@https://registry.npmjs.org/asynckit/-/asynckit-0.4.0.tgz. Extracting by manifest.
296 silly tarball no local data for combined-stream@https://registry.npmjs.org/combined-stream/-/combined-stream-1.0.8.tgz. Extracting by manifest.
297 silly tarball no local data for proxy-from-env@https://registry.npmjs.org/proxy-from-env/-/proxy-from-env-1.1.0.tgz. Extracting by manifest.
298 silly tarball no local data for form-data@https://registry.npmjs.org/form-data/-/form-data-4.0.5.tgz. Extracting by manifest.
299 silly tarball no local data for follow-redirects@https://registry.npmjs.org/follow-redirects/-/follow-redirects-1.15.11.tgz. Extracting by manifest.
300 silly tarball no local data for tailwind-merge@https://registry.npmjs.org/tailwind-merge/-/tailwind-merge-3.4.0.tgz. Extracting by manifest.
301 silly tarball no local data for lucide-react@https://registry.npmjs.org/lucide-react/-/lucide-react-0.556.0.tgz. Extracting by manifest.
302 silly tarball no local data for clsx@https://registry.npmjs.org/clsx/-/clsx-2.1.1.tgz. Extracting by manifest.
303 silly tarball no local data for class-variance-authority@https://registry.npmjs.org/class-variance-authority/-/class-variance-authority-0.7.1.tgz. Extracting by manifest.
304 silly tarball no local data for axios@https://registry.npmjs.org/axios/-/axios-1.13.2.tgz. Extracting by manifest.
305 http fetch POST 200 https://registry.npmjs.org/-/npm/v1/security/advisories/bulk 511ms
306 timing auditReport:getReport Completed in 545ms
307 silly audit report {}
308 timing auditReport:init Completed in 0ms
309 timing reify:audit Completed in 550ms
310 http fetch GET 200 https://registry.npmjs.org/delayed-stream/-/delayed-stream-1.0.0.tgz 573ms (cache miss)
311 timing reifyNode:node_modules/delayed-stream Completed in 774ms
312 http fetch GET 200 https://registry.npmjs.org/mime-db/-/mime-db-1.52.0.tgz 978ms (cache miss)
313 timing reifyNode:node_modules/mime-db Completed in 1459ms
314 http fetch GET 200 https://registry.npmjs.org/mime-types/-/mime-types-2.1.35.tgz 1759ms (cache miss)
315 timing reifyNode:node_modules/mime-types Completed in 1965ms
316 http fetch GET 200 https://registry.npmjs.org/combined-stream/-/combined-stream-1.0.8.tgz 1779ms (cache miss)
317 timing reifyNode:node_modules/combined-stream Completed in 1992ms
318 http fetch GET 200 https://registry.npmjs.org/clsx/-/clsx-2.1.1.tgz 1749ms (cache miss)
319 timing reifyNode:node_modules/clsx Completed in 2005ms
320 http fetch GET 200 https://registry.npmjs.org/proxy-from-env/-/proxy-from-env-1.1.0.tgz 1906ms (cache miss)
321 timing reifyNode:node_modules/proxy-from-env Completed in 2124ms
322 http fetch GET 200 https://registry.npmjs.org/class-variance-authority/-/class-variance-authority-0.7.1.tgz 1931ms (cache miss)
323 timing reifyNode:node_modules/class-variance-authority Completed in 2179ms
324 http fetch GET 200 https://registry.npmjs.org/follow-redirects/-/follow-redirects-1.15.11.tgz 2031ms (cache miss)
325 timing reifyNode:node_modules/follow-redirects Completed in 2270ms
326 http fetch GET 200 https://registry.npmjs.org/asynckit/-/asynckit-0.4.0.tgz 2285ms (cache miss)
327 timing reifyNode:node_modules/asynckit Completed in 2550ms
328 http fetch GET 200 https://registry.npmjs.org/form-data/-/form-data-4.0.5.tgz 2438ms (cache miss)
329 timing reifyNode:node_modules/form-data Completed in 2660ms
330 http fetch GET 200 https://registry.npmjs.org/tailwind-merge/-/tailwind-merge-3.4.0.tgz 3588ms (cache miss)
331 timing reifyNode:node_modules/tailwind-merge Completed in 3823ms
332 http fetch GET 200 https://registry.npmjs.org/axios/-/axios-1.13.2.tgz 4731ms (cache miss)
333 timing reifyNode:node_modules/axios Completed in 5004ms
334 http fetch GET 200 https://registry.npmjs.org/lucide-react/-/lucide-react-0.556.0.tgz 24162ms (cache miss)
335 timing reifyNode:node_modules/lucide-react Completed in 24407ms
336 timing reify:unpack Completed in 24414ms
337 timing reify:unretire Completed in 2ms
338 timing build:queue Completed in 31ms
339 timing build:deps Completed in 33ms
340 timing build Completed in 37ms
341 timing reify:build Completed in 44ms
342 timing reify:trash Completed in 63ms
343 timing reify:save Completed in 1467ms
344 timing reify Completed in 32090ms
345 silly ADD node_modules/mime-db
346 silly ADD node_modules/delayed-stream
347 silly ADD node_modules/mime-types
348 silly ADD node_modules/combined-stream
349 silly ADD node_modules/asynckit
350 silly ADD node_modules/proxy-from-env
351 silly ADD node_modules/form-data
352 silly ADD node_modules/follow-redirects
353 silly ADD node_modules/tailwind-merge
354 silly ADD node_modules/lucide-react
355 silly ADD node_modules/clsx
356 silly ADD node_modules/class-variance-authority
357 silly ADD node_modules/axios
358 silly ADD
359 silly ADD
360 silly ADD
361 silly ADD
362 silly ADD
363 silly ADD
364 silly ADD
365 silly ADD
366 silly ADD
367 silly ADD
368 silly ADD
369 silly ADD
370 silly ADD
371 silly ADD
372 silly ADD
373 silly ADD
374 silly ADD
375 silly ADD
376 silly ADD
377 silly ADD
378 silly ADD
379 silly ADD
380 silly ADD
381 silly ADD
382 silly ADD
383 silly ADD
384 silly ADD
385 silly ADD
386 silly ADD
387 silly ADD
388 silly ADD
389 silly ADD
390 silly ADD
391 silly ADD
392 silly ADD
393 silly ADD
394 silly ADD
395 silly ADD
396 silly ADD
397 silly ADD
398 silly ADD
399 silly ADD
400 silly ADD
401 silly ADD
402 silly ADD
403 silly ADD
404 silly ADD
405 silly ADD
406 silly ADD
407 silly ADD
408 silly ADD
409 silly ADD
410 silly ADD
411 silly ADD
412 silly ADD
413 silly ADD
414 silly ADD
415 silly ADD
416 silly ADD
417 silly ADD
418 silly ADD
419 silly ADD
420 timing command:install Completed in 32187ms
421 verbose exit 0
422 timing npm Completed in 33312ms
423 info ok
