0 verbose cli /home/chand/ON-CBT/nodejs/bin/node /home/chand/ON-CBT/nodejs/bin/npm
1 info using npm@10.2.4
2 info using node@v20.11.0
3 timing npm:load:whichnode Completed in 6ms
4 timing config:load:defaults Completed in 8ms
5 timing config:load:file:/home/chand/ON-CBT/nodejs/lib/node_modules/npm/npmrc Completed in 8ms
6 timing config:load:builtin Completed in 10ms
7 timing config:load:cli Completed in 10ms
8 timing config:load:env Completed in 2ms
9 timing config:load:file:/home/chand/ON-CBT/frontend/.npmrc Completed in 0ms
10 timing config:load:project Completed in 21ms
11 timing config:load:file:/home/chand/.npmrc Completed in 5ms
12 timing config:load:user Completed in 6ms
13 timing config:load:file:/app/etc/npmrc Completed in 5ms
14 timing config:load:global Completed in 5ms
15 timing config:load:setEnvs Completed in 3ms
16 timing config:load Completed in 67ms
17 timing npm:load:configload Completed in 67ms
18 timing config:load:flatten Completed in 9ms
19 timing npm:load:mkdirpcache Completed in 0ms
20 timing npm:load:mkdirplogs Completed in 0ms
21 verbose title npm exec next typegen
22 verbose argv "exec" "next" "--" "typegen"
23 timing npm:load:setTitle Completed in 2ms
24 timing npm:load:display Completed in 2ms
25 verbose logfile logs-max:10 dir:/home/chand/ON-CBT/frontend/.npm-local/cache/_logs/2025-12-05T23_28_38_270Z-
26 verbose logfile /home/chand/ON-CBT/frontend/.npm-local/cache/_logs/2025-12-05T23_28_38_270Z-debug-0.log
27 timing npm:load:logFile Completed in 38ms
28 timing npm:load:timers Completed in 0ms
29 timing npm:load:configScope Completed in 1ms
30 timing npm:load Completed in 171ms
31 silly logfile done cleaning log files
32 timing command:exec Completed in 2726ms
33 verbose exit 0
34 timing npm Completed in 3751ms
35 info ok
