0 verbose cli /home/chand/ON-CBT/nodejs/bin/node /home/chand/ON-CBT/nodejs/bin/npm
1 info using npm@10.2.4
2 info using node@v20.11.0
3 timing npm:load:whichnode Completed in 4ms
4 timing config:load:defaults Completed in 6ms
5 timing config:load:file:/home/chand/ON-CBT/nodejs/lib/node_modules/npm/npmrc Completed in 4ms
6 timing config:load:builtin Completed in 6ms
7 timing config:load:cli Completed in 25ms
8 timing config:load:env Completed in 27ms
9 timing config:load:file:/home/chand/ON-CBT/frontend/.npmrc Completed in 0ms
10 timing config:load:project Completed in 13ms
11 timing config:load:file:/home/chand/.var/app/com.visualstudio.code/config/npmrc Completed in 1ms
12 timing config:load:user Completed in 1ms
13 timing config:load:file:/app/etc/npmrc Completed in 3ms
14 timing config:load:global Completed in 4ms
15 timing config:load:setEnvs Completed in 3ms
16 timing config:load Completed in 89ms
17 timing npm:load:configload Completed in 90ms
18 timing config:load:flatten Completed in 14ms
19 timing npm:load:mkdirpcache Completed in 1ms
20 timing npm:load:mkdirplogs Completed in 1ms
21 verbose title npm install tw-animate-css
22 verbose argv "install" "--save-dev" "tw-animate-css"
23 timing npm:load:setTitle Completed in 2ms
24 timing npm:load:display Completed in 2ms
25 verbose logfile logs-max:10 dir:/home/chand/ON-CBT/frontend/.npm-local/cache/_logs/2025-12-05T23_42_22_405Z-
26 verbose logfile /home/chand/ON-CBT/frontend/.npm-local/cache/_logs/2025-12-05T23_42_22_405Z-debug-0.log
27 timing npm:load:logFile Completed in 35ms
28 timing npm:load:timers Completed in 1ms
29 timing npm:load:configScope Completed in 0ms
30 timing npm:load Completed in 206ms
31 timing arborist:ctor Completed in 3ms
32 silly logfile done cleaning log files
33 timing idealTree:init Completed in 1554ms
34 timing idealTree:userRequests Completed in 6ms
35 silly idealTree buildDeps
36 silly fetch manifest tw-animate-css@*
37 timing arborist:ctor Completed in 0ms
38 http fetch GET 200 https://registry.npmjs.org/tw-animate-css 1105ms (cache miss)
39 silly placeDep ROOT tw-animate-css@1.4.0 OK for: frontend@0.1.0 want: *
40 timing idealTree:#root Completed in 1172ms
41 timing idealTree:node_modules/@tailwindcss/oxide-wasm32-wasi Completed in 0ms
42 timing idealTree:node_modules/tw-animate-css Completed in 0ms
43 timing idealTree:buildDeps Completed in 1178ms
44 timing idealTree:fixDepFlags Completed in 34ms
45 timing idealTree Completed in 2827ms
46 timing reify:loadTrees Completed in 2830ms
47 timing reify:diffTrees Completed in 38ms
48 silly reify moves {}
49 timing reify:retireShallow Completed in 9ms
50 timing reify:createSparse Completed in 37ms
51 verbose reify failed optional dependency /home/chand/ON-CBT/frontend/node_modules/@tailwindcss/oxide-wasm32-wasi
52 silly reify mark deleted [
52 silly reify   '/home/chand/ON-CBT/frontend/node_modules/@tailwindcss/oxide-wasm32-wasi'
52 silly reify ]
53 timing reifyNode:node_modules/@tailwindcss/oxide-wasm32-wasi Completed in 10ms
54 timing arborist:ctor Completed in 1ms
55 timing reify:diffTrees Completed in 46ms
56 timing reify:loadBundles Completed in 76ms
57 silly audit bulk request {
57 silly audit   '@alloc/quick-lru': [ '5.2.0' ],
57 silly audit   '@babel/code-frame': [ '7.27.1' ],
57 silly audit   '@babel/compat-data': [ '7.28.5' ],
57 silly audit   '@babel/core': [ '7.28.5' ],
57 silly audit   '@babel/generator': [ '7.28.5' ],
57 silly audit   '@babel/helper-compilation-targets': [ '7.27.2' ],
57 silly audit   '@babel/helper-globals': [ '7.28.0' ],
57 silly audit   '@babel/helper-module-imports': [ '7.27.1' ],
57 silly audit   '@babel/helper-module-transforms': [ '7.28.3' ],
57 silly audit   '@babel/helper-string-parser': [ '7.27.1' ],
57 silly audit   '@babel/helper-validator-identifier': [ '7.28.5' ],
57 silly audit   '@babel/helper-validator-option': [ '7.27.1' ],
57 silly audit   '@babel/helpers': [ '7.28.4' ],
57 silly audit   '@babel/parser': [ '7.28.5' ],
57 silly audit   '@babel/template': [ '7.27.2' ],
57 silly audit   '@babel/traverse': [ '7.28.5' ],
57 silly audit   '@babel/types': [ '7.28.5' ],
57 silly audit   '@emnapi/core': [ '1.7.1' ],
57 silly audit   '@emnapi/runtime': [ '1.7.1' ],
57 silly audit   '@emnapi/wasi-threads': [ '1.1.0' ],
57 silly audit   '@eslint-community/eslint-utils': [ '4.9.0' ],
57 silly audit   'eslint-visitor-keys': [ '3.4.3', '4.2.1' ],
57 silly audit   '@eslint-community/regexpp': [ '4.12.2' ],
57 silly audit   '@eslint/config-array': [ '0.21.1' ],
57 silly audit   '@eslint/config-helpers': [ '0.4.2' ],
57 silly audit   '@eslint/core': [ '0.17.0' ],
57 silly audit   '@eslint/eslintrc': [ '3.3.3' ],
57 silly audit   '@eslint/js': [ '9.39.1' ],
57 silly audit   '@eslint/object-schema': [ '2.1.7' ],
57 silly audit   '@eslint/plugin-kit': [ '0.4.1' ],
57 silly audit   '@humanfs/core': [ '0.19.1' ],
57 silly audit   '@humanfs/node': [ '0.16.7' ],
57 silly audit   '@humanwhocodes/module-importer': [ '1.0.1' ],
57 silly audit   '@humanwhocodes/retry': [ '0.4.3' ],
57 silly audit   '@img/colour': [ '1.0.0' ],
57 silly audit   '@img/sharp-darwin-arm64': [ '0.34.5' ],
57 silly audit   '@img/sharp-darwin-x64': [ '0.34.5' ],
57 silly audit   '@img/sharp-libvips-darwin-arm64': [ '1.2.4' ],
57 silly audit   '@img/sharp-libvips-darwin-x64': [ '1.2.4' ],
57 silly audit   '@img/sharp-libvips-linux-arm': [ '1.2.4' ],
57 silly audit   '@img/sharp-libvips-linux-arm64': [ '1.2.4' ],
57 silly audit   '@img/sharp-libvips-linux-ppc64': [ '1.2.4' ],
57 silly audit   '@img/sharp-libvips-linux-riscv64': [ '1.2.4' ],
57 silly audit   '@img/sharp-libvips-linux-s390x': [ '1.2.4' ],
57 silly audit   '@img/sharp-libvips-linux-x64': [ '1.2.4' ],
57 silly audit   '@img/sharp-libvips-linuxmusl-arm64': [ '1.2.4' ],
57 silly audit   '@img/sharp-libvips-linuxmusl-x64': [ '1.2.4' ],
57 silly audit   '@img/sharp-linux-arm': [ '0.34.5' ],
57 silly audit   '@img/sharp-linux-arm64': [ '0.34.5' ],
57 silly audit   '@img/sharp-linux-ppc64': [ '0.34.5' ],
57 silly audit   '@img/sharp-linux-riscv64': [ '0.34.5' ],
57 silly audit   '@img/sharp-linux-s390x': [ '0.34.5' ],
57 silly audit   '@img/sharp-linux-x64': [ '0.34.5' ],
57 silly audit   '@img/sharp-linuxmusl-arm64': [ '0.34.5' ],
57 silly audit   '@img/sharp-linuxmusl-x64': [ '0.34.5' ],
57 silly audit   '@img/sharp-wasm32': [ '0.34.5' ],
57 silly audit   '@img/sharp-win32-arm64': [ '0.34.5' ],
57 silly audit   '@img/sharp-win32-ia32': [ '0.34.5' ],
57 silly audit   '@img/sharp-win32-x64': [ '0.34.5' ],
57 silly audit   '@jridgewell/gen-mapping': [ '0.3.13' ],
57 silly audit   '@jridgewell/remapping': [ '2.3.5' ],
57 silly audit   '@jridgewell/resolve-uri': [ '3.1.2' ],
57 silly audit   '@jridgewell/sourcemap-codec': [ '1.5.5' ],
57 silly audit   '@jridgewell/trace-mapping': [ '0.3.31' ],
57 silly audit   '@napi-rs/wasm-runtime': [ '0.2.12' ],
57 silly audit   '@next/env': [ '16.0.7' ],
57 silly audit   '@next/eslint-plugin-next': [ '16.0.7' ],
57 silly audit   '@next/swc-darwin-arm64': [ '16.0.7' ],
57 silly audit   '@next/swc-darwin-x64': [ '16.0.7' ],
57 silly audit   '@next/swc-linux-arm64-gnu': [ '16.0.7' ],
57 silly audit   '@next/swc-linux-arm64-musl': [ '16.0.7' ],
57 silly audit   '@next/swc-linux-x64-gnu': [ '16.0.7' ],
57 silly audit   '@next/swc-linux-x64-musl': [ '16.0.7' ],
57 silly audit   '@next/swc-win32-arm64-msvc': [ '16.0.7' ],
57 silly audit   '@next/swc-win32-x64-msvc': [ '16.0.7' ],
57 silly audit   '@nodelib/fs.scandir': [ '2.1.5' ],
57 silly audit   '@nodelib/fs.stat': [ '2.0.5' ],
57 silly audit   '@nodelib/fs.walk': [ '1.2.8' ],
57 silly audit   '@nolyfill/is-core-module': [ '1.0.39' ],
57 silly audit   '@rtsao/scc': [ '1.1.0' ],
57 silly audit   '@swc/helpers': [ '0.5.15' ],
57 silly audit   '@tailwindcss/node': [ '4.1.17' ],
57 silly audit   '@tailwindcss/oxide': [ '4.1.17' ],
57 silly audit   '@tailwindcss/oxide-android-arm64': [ '4.1.17' ],
57 silly audit   '@tailwindcss/oxide-darwin-arm64': [ '4.1.17' ],
57 silly audit   '@tailwindcss/oxide-darwin-x64': [ '4.1.17' ],
57 silly audit   '@tailwindcss/oxide-freebsd-x64': [ '4.1.17' ],
57 silly audit   '@tailwindcss/oxide-linux-arm-gnueabihf': [ '4.1.17' ],
57 silly audit   '@tailwindcss/oxide-linux-arm64-gnu': [ '4.1.17' ],
57 silly audit   '@tailwindcss/oxide-linux-arm64-musl': [ '4.1.17' ],
57 silly audit   '@tailwindcss/oxide-linux-x64-gnu': [ '4.1.17' ],
57 silly audit   '@tailwindcss/oxide-linux-x64-musl': [ '4.1.17' ],
57 silly audit   '@tailwindcss/oxide-win32-arm64-msvc': [ '4.1.17' ],
57 silly audit   '@tailwindcss/oxide-win32-x64-msvc': [ '4.1.17' ],
57 silly audit   '@tailwindcss/postcss': [ '4.1.17' ],
57 silly audit   '@tybys/wasm-util': [ '0.10.1' ],
57 silly audit   '@types/estree': [ '1.0.8' ],
57 silly audit   '@types/json-schema': [ '7.0.15' ],
57 silly audit   '@types/json5': [ '0.0.29' ],
57 silly audit   '@types/node': [ '20.19.25' ],
57 silly audit   '@types/react': [ '19.2.7' ],
57 silly audit   '@types/react-dom': [ '19.2.3' ],
57 silly audit   '@typescript-eslint/eslint-plugin': [ '8.48.1' ],
57 silly audit   ignore: [ '7.0.5', '5.3.2' ],
57 silly audit   '@typescript-eslint/parser': [ '8.48.1' ],
57 silly audit   '@typescript-eslint/project-service': [ '8.48.1' ],
57 silly audit   '@typescript-eslint/scope-manager': [ '8.48.1' ],
57 silly audit   '@typescript-eslint/tsconfig-utils': [ '8.48.1' ],
57 silly audit   '@typescript-eslint/type-utils': [ '8.48.1' ],
57 silly audit   '@typescript-eslint/types': [ '8.48.1' ],
57 silly audit   '@typescript-eslint/typescript-estree': [ '8.48.1' ],
57 silly audit   'brace-expansion': [ '2.0.2', '1.1.12' ],
57 silly audit   minimatch: [ '9.0.5', '3.1.2' ],
57 silly audit   semver: [ '7.7.3', '6.3.1' ],
57 silly audit   '@typescript-eslint/utils': [ '8.48.1' ],
57 silly audit   '@typescript-eslint/visitor-keys': [ '8.48.1' ],
57 silly audit   '@unrs/resolver-binding-android-arm-eabi': [ '1.11.1' ],
57 silly audit   '@unrs/resolver-binding-android-arm64': [ '1.11.1' ],
57 silly audit   '@unrs/resolver-binding-darwin-arm64': [ '1.11.1' ],
57 silly audit   '@unrs/resolver-binding-darwin-x64': [ '1.11.1' ],
57 silly audit   '@unrs/resolver-binding-freebsd-x64': [ '1.11.1' ],
57 silly audit   '@unrs/resolver-binding-linux-arm-gnueabihf': [ '1.11.1' ],
57 silly audit   '@unrs/resolver-binding-linux-arm-musleabihf': [ '1.11.1' ],
57 silly audit   '@unrs/resolver-binding-linux-arm64-gnu': [ '1.11.1' ],
57 silly audit   '@unrs/resolver-binding-linux-arm64-musl': [ '1.11.1' ],
57 silly audit   '@unrs/resolver-binding-linux-ppc64-gnu': [ '1.11.1' ],
57 silly audit   '@unrs/resolver-binding-linux-riscv64-gnu': [ '1.11.1' ],
57 silly audit   '@unrs/resolver-binding-linux-riscv64-musl': [ '1.11.1' ],
57 silly audit   '@unrs/resolver-binding-linux-s390x-gnu': [ '1.11.1' ],
57 silly audit   '@unrs/resolver-binding-linux-x64-gnu': [ '1.11.1' ],
57 silly audit   '@unrs/resolver-binding-linux-x64-musl': [ '1.11.1' ],
57 silly audit   '@unrs/resolver-binding-wasm32-wasi': [ '1.11.1' ],
57 silly audit   '@unrs/resolver-binding-win32-arm64-msvc': [ '1.11.1' ],
57 silly audit   '@unrs/resolver-binding-win32-ia32-msvc': [ '1.11.1' ],
57 silly audit   '@unrs/resolver-binding-win32-x64-msvc': [ '1.11.1' ],
57 silly audit   acorn: [ '8.15.0' ],
57 silly audit   'acorn-jsx': [ '5.3.2' ],
57 silly audit   ajv: [ '6.12.6' ],
57 silly audit   'ansi-styles': [ '4.3.0' ],
57 silly audit   argparse: [ '2.0.1' ],
57 silly audit   'aria-query': [ '5.3.2' ],
57 silly audit   'array-buffer-byte-length': [ '1.0.2' ],
57 silly audit   'array-includes': [ '3.1.9' ],
57 silly audit   'array.prototype.findlast': [ '1.2.5' ],
57 silly audit   'array.prototype.findlastindex': [ '1.2.6' ],
57 silly audit   'array.prototype.flat': [ '1.3.3' ],
57 silly audit   'array.prototype.flatmap': [ '1.3.3' ],
57 silly audit   'array.prototype.tosorted': [ '1.1.4' ],
57 silly audit   'arraybuffer.prototype.slice': [ '1.0.4' ],
57 silly audit   'ast-types-flow': [ '0.0.8' ],
57 silly audit   'async-function': [ '1.0.0' ],
57 silly audit   asynckit: [ '0.4.0' ],
57 silly audit   'available-typed-arrays': [ '1.0.7' ],
57 silly audit   'axe-core': [ '4.11.0' ],
57 silly audit   axios: [ '1.13.2' ],
57 silly audit   'axobject-query': [ '4.1.0' ],
57 silly audit   'balanced-match': [ '1.0.2' ],
57 silly audit   'baseline-browser-mapping': [ '2.9.3' ],
57 silly audit   braces: [ '3.0.3' ],
57 silly audit   browserslist: [ '4.28.1' ],
57 silly audit   'call-bind': [ '1.0.8' ],
57 silly audit   'call-bind-apply-helpers': [ '1.0.2' ],
57 silly audit   'call-bound': [ '1.0.4' ],
57 silly audit   callsites: [ '3.1.0' ],
57 silly audit   'caniuse-lite': [ '1.0.30001759' ],
57 silly audit   chalk: [ '4.1.2' ],
57 silly audit   'class-variance-authority': [ '0.7.1' ],
57 silly audit   'client-only': [ '0.0.1' ],
57 silly audit   clsx: [ '2.1.1' ],
57 silly audit   'color-convert': [ '2.0.1' ],
57 silly audit   'color-name': [ '1.1.4' ],
57 silly audit   'combined-stream': [ '1.0.8' ],
57 silly audit   'concat-map': [ '0.0.1' ],
57 silly audit   'convert-source-map': [ '2.0.0' ],
57 silly audit   'cross-spawn': [ '7.0.6' ],
57 silly audit   csstype: [ '3.2.3' ],
57 silly audit   'damerau-levenshtein': [ '1.0.8' ],
57 silly audit   'data-view-buffer': [ '1.0.2' ],
57 silly audit   'data-view-byte-length': [ '1.0.2' ],
57 silly audit   'data-view-byte-offset': [ '1.0.1' ],
57 silly audit   debug: [ '4.4.3', '3.2.7' ],
57 silly audit   'deep-is': [ '0.1.4' ],
57 silly audit   'define-data-property': [ '1.1.4' ],
57 silly audit   'define-properties': [ '1.2.1' ],
57 silly audit   'delayed-stream': [ '1.0.0' ],
57 silly audit   'detect-libc': [ '2.1.2' ],
57 silly audit   doctrine: [ '2.1.0' ],
57 silly audit   'dunder-proto': [ '1.0.1' ],
57 silly audit   'electron-to-chromium': [ '1.5.266' ],
57 silly audit   'emoji-regex': [ '9.2.2' ],
57 silly audit   'enhanced-resolve': [ '5.18.3' ],
57 silly audit   'es-abstract': [ '1.24.0' ],
57 silly audit   'es-define-property': [ '1.0.1' ],
57 silly audit   'es-errors': [ '1.3.0' ],
57 silly audit   'es-iterator-helpers': [ '1.2.1' ],
57 silly audit   'es-object-atoms': [ '1.1.1' ],
57 silly audit   'es-set-tostringtag': [ '2.1.0' ],
57 silly audit   'es-shim-unscopables': [ '1.1.0' ],
57 silly audit   'es-to-primitive': [ '1.3.0' ],
57 silly audit   escalade: [ '3.2.0' ],
57 silly audit   'escape-string-regexp': [ '4.0.0' ],
57 silly audit   eslint: [ '9.39.1' ],
57 silly audit   'eslint-config-next': [ '16.0.7' ],
57 silly audit   globals: [ '16.4.0', '14.0.0' ],
57 silly audit   'eslint-import-resolver-node': [ '0.3.9' ],
57 silly audit   'eslint-import-resolver-typescript': [ '3.10.1' ],
57 silly audit   'eslint-module-utils': [ '2.12.1' ],
57 silly audit   'eslint-plugin-import': [ '2.32.0' ],
57 silly audit   'eslint-plugin-jsx-a11y': [ '6.10.2' ],
57 silly audit   'eslint-plugin-react': [ '7.37.5' ],
57 silly audit   'eslint-plugin-react-hooks': [ '7.0.1' ],
57 silly audit   resolve: [ '2.0.0-next.5', '1.22.11' ],
57 silly audit   'eslint-scope': [ '8.4.0' ],
57 silly audit   espree: [ '10.4.0' ],
57 silly audit   esquery: [ '1.6.0' ],
57 silly audit   esrecurse: [ '4.3.0' ],
57 silly audit   estraverse: [ '5.3.0' ],
57 silly audit   esutils: [ '2.0.3' ],
57 silly audit   'fast-deep-equal': [ '3.1.3' ],
57 silly audit   'fast-glob': [ '3.3.1' ],
57 silly audit   'glob-parent': [ '5.1.2', '6.0.2' ],
57 silly audit   'fast-json-stable-stringify': [ '2.1.0' ],
57 silly audit   'fast-levenshtein': [ '2.0.6' ],
57 silly audit   fastq: [ '1.19.1' ],
57 silly audit   'file-entry-cache': [ '8.0.0' ],
57 silly audit   'fill-range': [ '7.1.1' ],
57 silly audit   'find-up': [ '5.0.0' ],
57 silly audit   'flat-cache': [ '4.0.1' ],
57 silly audit   flatted: [ '3.3.3' ],
57 silly audit   'follow-redirects': [ '1.15.11' ],
57 silly audit   'for-each': [ '0.3.5' ],
57 silly audit   'form-data': [ '4.0.5' ],
57 silly audit   'function-bind': [ '1.1.2' ],
57 silly audit   'function.prototype.name': [ '1.1.8' ],
57 silly audit   'functions-have-names': [ '1.2.3' ],
57 silly audit   'generator-function': [ '2.0.1' ],
57 silly audit   gensync: [ '1.0.0-beta.2' ],
57 silly audit   'get-intrinsic': [ '1.3.0' ],
57 silly audit   'get-proto': [ '1.0.1' ],
57 silly audit   'get-symbol-description': [ '1.1.0' ],
57 silly audit   'get-tsconfig': [ '4.13.0' ],
57 silly audit   globalthis: [ '1.0.4' ],
57 silly audit   gopd: [ '1.2.0' ],
57 silly audit   'graceful-fs': [ '4.2.11' ],
57 silly audit   graphemer: [ '1.4.0' ],
57 silly audit   'has-bigints': [ '1.1.0' ],
57 silly audit   'has-flag': [ '4.0.0' ],
57 silly audit   'has-property-descriptors': [ '1.0.2' ],
57 silly audit   'has-proto': [ '1.2.0' ],
57 silly audit   'has-symbols': [ '1.1.0' ],
57 silly audit   'has-tostringtag': [ '1.0.2' ],
57 silly audit   hasown: [ '2.0.2' ],
57 silly audit   'hermes-estree': [ '0.25.1' ],
57 silly audit   'hermes-parser': [ '0.25.1' ],
57 silly audit   'import-fresh': [ '3.3.1' ],
57 silly audit   imurmurhash: [ '0.1.4' ],
57 silly audit   'internal-slot': [ '1.1.0' ],
57 silly audit   'is-array-buffer': [ '3.0.5' ],
57 silly audit   'is-async-function': [ '2.1.1' ],
57 silly audit   'is-bigint': [ '1.1.0' ],
57 silly audit   'is-boolean-object': [ '1.2.2' ],
57 silly audit   'is-bun-module': [ '2.0.0' ],
57 silly audit   'is-callable': [ '1.2.7' ],
57 silly audit   'is-core-module': [ '2.16.1' ],
57 silly audit   'is-data-view': [ '1.0.2' ],
57 silly audit   'is-date-object': [ '1.1.0' ],
57 silly audit   'is-extglob': [ '2.1.1' ],
57 silly audit   'is-finalizationregistry': [ '1.1.1' ],
57 silly audit   'is-generator-function': [ '1.1.2' ],
57 silly audit   'is-glob': [ '4.0.3' ],
57 silly audit   'is-map': [ '2.0.3' ],
57 silly audit   'is-negative-zero': [ '2.0.3' ],
57 silly audit   'is-number': [ '7.0.0' ],
57 silly audit   'is-number-object': [ '1.1.1' ],
57 silly audit   'is-regex': [ '1.2.1' ],
57 silly audit   'is-set': [ '2.0.3' ],
57 silly audit   'is-shared-array-buffer': [ '1.0.4' ],
57 silly audit   'is-string': [ '1.1.1' ],
57 silly audit   'is-symbol': [ '1.1.1' ],
57 silly audit   'is-typed-array': [ '1.1.15' ],
57 silly audit   'is-weakmap': [ '2.0.2' ],
57 silly audit   'is-weakref': [ '1.1.1' ],
57 silly audit   'is-weakset': [ '2.0.4' ],
57 silly audit   isarray: [ '2.0.5' ],
57 silly audit   isexe: [ '2.0.0' ],
57 silly audit   'iterator.prototype': [ '1.1.5' ],
57 silly audit   jiti: [ '2.6.1' ],
57 silly audit   'js-tokens': [ '4.0.0' ],
57 silly audit   'js-yaml': [ '4.1.1' ],
57 silly audit   jsesc: [ '3.1.0' ],
57 silly audit   'json-buffer': [ '3.0.1' ],
57 silly audit   'json-schema-traverse': [ '0.4.1' ],
57 silly audit   'json-stable-stringify-without-jsonify': [ '1.0.1' ],
57 silly audit   json5: [ '2.2.3', '1.0.2' ],
57 silly audit   'jsx-ast-utils': [ '3.3.5' ],
57 silly audit   keyv: [ '4.5.4' ],
57 silly audit   'language-subtag-registry': [ '0.3.23' ],
57 silly audit   'language-tags': [ '1.0.9' ],
57 silly audit   levn: [ '0.4.1' ],
57 silly audit   lightningcss: [ '1.30.2' ],
57 silly audit   'lightningcss-android-arm64': [ '1.30.2' ],
57 silly audit   'lightningcss-darwin-arm64': [ '1.30.2' ],
57 silly audit   'lightningcss-darwin-x64': [ '1.30.2' ],
57 silly audit   'lightningcss-freebsd-x64': [ '1.30.2' ],
57 silly audit   'lightningcss-linux-arm-gnueabihf': [ '1.30.2' ],
57 silly audit   'lightningcss-linux-arm64-gnu': [ '1.30.2' ],
57 silly audit   'lightningcss-linux-arm64-musl': [ '1.30.2' ],
57 silly audit   'lightningcss-linux-x64-gnu': [ '1.30.2' ],
57 silly audit   'lightningcss-linux-x64-musl': [ '1.30.2' ],
57 silly audit   'lightningcss-win32-arm64-msvc': [ '1.30.2' ],
57 silly audit   'lightningcss-win32-x64-msvc': [ '1.30.2' ],
57 silly audit   'locate-path': [ '6.0.0' ],
57 silly audit   'lodash.merge': [ '4.6.2' ],
57 silly audit   'loose-envify': [ '1.4.0' ],
57 silly audit   'lru-cache': [ '5.1.1' ],
57 silly audit   'lucide-react': [ '0.556.0' ],
57 silly audit   'magic-string': [ '0.30.21' ],
57 silly audit   'math-intrinsics': [ '1.1.0' ],
57 silly audit   merge2: [ '1.4.1' ],
57 silly audit   micromatch: [ '4.0.8' ],
57 silly audit   'mime-db': [ '1.52.0' ],
57 silly audit   'mime-types': [ '2.1.35' ],
57 silly audit   minimist: [ '1.2.8' ],
57 silly audit   ms: [ '2.1.3' ],
57 silly audit   nanoid: [ '3.3.11' ],
57 silly audit   'napi-postinstall': [ '0.3.4' ],
57 silly audit   'natural-compare': [ '1.4.0' ],
57 silly audit   next: [ '16.0.7' ],
57 silly audit   postcss: [ '8.4.31', '8.5.6' ],
57 silly audit   'node-releases': [ '2.0.27' ],
57 silly audit   'object-assign': [ '4.1.1' ],
57 silly audit   'object-inspect': [ '1.13.4' ],
57 silly audit   'object-keys': [ '1.1.1' ],
57 silly audit   'object.assign': [ '4.1.7' ],
57 silly audit   'object.entries': [ '1.1.9' ],
57 silly audit   'object.fromentries': [ '2.0.8' ],
57 silly audit   'object.groupby': [ '1.0.3' ],
57 silly audit   'object.values': [ '1.2.1' ],
57 silly audit   optionator: [ '0.9.4' ],
57 silly audit   'own-keys': [ '1.0.1' ],
57 silly audit   'p-limit': [ '3.1.0' ],
57 silly audit   'p-locate': [ '5.0.0' ],
57 silly audit   'parent-module': [ '1.0.1' ],
57 silly audit   'path-exists': [ '4.0.0' ],
57 silly audit   'path-key': [ '3.1.1' ],
57 silly audit   'path-parse': [ '1.0.7' ],
57 silly audit   picocolors: [ '1.1.1' ],
57 silly audit   picomatch: [ '2.3.1', '4.0.3' ],
57 silly audit   'possible-typed-array-names': [ '1.1.0' ],
57 silly audit   'prelude-ls': [ '1.2.1' ],
57 silly audit   'prop-types': [ '15.8.1' ],
57 silly audit   'proxy-from-env': [ '1.1.0' ],
57 silly audit   punycode: [ '2.3.1' ],
57 silly audit   'queue-microtask': [ '1.2.3' ],
57 silly audit   react: [ '19.2.0' ],
57 silly audit   'react-dom': [ '19.2.0' ],
57 silly audit   'react-is': [ '16.13.1' ],
57 silly audit   'reflect.getprototypeof': [ '1.0.10' ],
57 silly audit   'regexp.prototype.flags': [ '1.5.4' ],
57 silly audit   'resolve-from': [ '4.0.0' ],
57 silly audit   'resolve-pkg-maps': [ '1.0.0' ],
57 silly audit   reusify: [ '1.1.0' ],
57 silly audit   'run-parallel': [ '1.2.0' ],
57 silly audit   'safe-array-concat': [ '1.1.3' ],
57 silly audit   'safe-push-apply': [ '1.0.0' ],
57 silly audit   'safe-regex-test': [ '1.1.0' ],
57 silly audit   scheduler: [ '0.27.0' ],
57 silly audit   'set-function-length': [ '1.2.2' ],
57 silly audit   'set-function-name': [ '2.0.2' ],
57 silly audit   'set-proto': [ '1.0.0' ],
57 silly audit   sharp: [ '0.34.5' ],
57 silly audit   'shebang-command': [ '2.0.0' ],
57 silly audit   'shebang-regex': [ '3.0.0' ],
57 silly audit   'side-channel': [ '1.1.0' ],
57 silly audit   'side-channel-list': [ '1.0.0' ],
57 silly audit   'side-channel-map': [ '1.0.1' ],
57 silly audit   'side-channel-weakmap': [ '1.0.2' ],
57 silly audit   'source-map-js': [ '1.2.1' ],
57 silly audit   'stable-hash': [ '0.0.5' ],
57 silly audit   'stop-iteration-iterator': [ '1.1.0' ],
57 silly audit   'string.prototype.includes': [ '2.0.1' ],
57 silly audit   'string.prototype.matchall': [ '4.0.12' ],
57 silly audit   'string.prototype.repeat': [ '1.0.0' ],
57 silly audit   'string.prototype.trim': [ '1.2.10' ],
57 silly audit   'string.prototype.trimend': [ '1.0.9' ],
57 silly audit   'string.prototype.trimstart': [ '1.0.8' ],
57 silly audit   'strip-bom': [ '3.0.0' ],
57 silly audit   'strip-json-comments': [ '3.1.1' ],
57 silly audit   'styled-jsx': [ '5.1.6' ],
57 silly audit   'supports-color': [ '7.2.0' ],
57 silly audit   'supports-preserve-symlinks-flag': [ '1.0.0' ],
57 silly audit   'tailwind-merge': [ '3.4.0' ],
57 silly audit   tailwindcss: [ '4.1.17' ],
57 silly audit   tapable: [ '2.3.0' ],
57 silly audit   tinyglobby: [ '0.2.15' ],
57 silly audit   fdir: [ '6.5.0' ],
57 silly audit   'to-regex-range': [ '5.0.1' ],
57 silly audit   'ts-api-utils': [ '2.1.0' ],
57 silly audit   'tsconfig-paths': [ '3.15.0' ],
57 silly audit   tslib: [ '2.8.1' ],
57 silly audit   'type-check': [ '0.4.0' ],
57 silly audit   'typed-array-buffer': [ '1.0.3' ],
57 silly audit   'typed-array-byte-length': [ '1.0.3' ],
57 silly audit   'typed-array-byte-offset': [ '1.0.4' ],
57 silly audit   'typed-array-length': [ '1.0.7' ],
57 silly audit   typescript: [ '5.9.3' ],
57 silly audit   'typescript-eslint': [ '8.48.1' ],
57 silly audit   'unbox-primitive': [ '1.1.0' ],
57 silly audit   'undici-types': [ '6.21.0' ],
57 silly audit   'unrs-resolver': [ '1.11.1' ],
57 silly audit   'update-browserslist-db': [ '1.2.2' ],
57 silly audit   'uri-js': [ '4.4.1' ],
57 silly audit   which: [ '2.0.2' ],
57 silly audit   'which-boxed-primitive': [ '1.1.1' ],
57 silly audit   'which-builtin-type': [ '1.2.1' ],
57 silly audit   'which-collection': [ '1.0.2' ],
57 silly audit   'which-typed-array': [ '1.1.19' ],
57 silly audit   'word-wrap': [ '1.2.5' ],
57 silly audit   yallist: [ '3.1.1' ],
57 silly audit   'yocto-queue': [ '0.1.0' ],
57 silly audit   zod: [ '4.1.13' ],
57 silly audit   'zod-validation-error': [ '4.0.2' ],
57 silly audit   'tw-animate-css': [ '1.4.0' ],
57 silly audit   '@tailwindcss/oxide-wasm32-wasi': [ '4.1.17' ]
57 silly audit }
58 verbose reify failed optional dependency /home/chand/ON-CBT/frontend/node_modules/lightningcss-win32-x64-msvc
59 silly reify mark deleted [
59 silly reify   '/home/chand/ON-CBT/frontend/node_modules/lightningcss-win32-x64-msvc'
59 silly reify ]
60 verbose reify failed optional dependency /home/chand/ON-CBT/frontend/node_modules/lightningcss-win32-arm64-msvc
61 silly reify mark deleted [
61 silly reify   '/home/chand/ON-CBT/frontend/node_modules/lightningcss-win32-arm64-msvc'
61 silly reify ]
62 verbose reify failed optional dependency /home/chand/ON-CBT/frontend/node_modules/lightningcss-linux-arm64-musl
63 silly reify mark deleted [
63 silly reify   '/home/chand/ON-CBT/frontend/node_modules/lightningcss-linux-arm64-musl'
63 silly reify ]
64 verbose reify failed optional dependency /home/chand/ON-CBT/frontend/node_modules/lightningcss-linux-arm64-gnu
65 silly reify mark deleted [
65 silly reify   '/home/chand/ON-CBT/frontend/node_modules/lightningcss-linux-arm64-gnu'
65 silly reify ]
66 verbose reify failed optional dependency /home/chand/ON-CBT/frontend/node_modules/lightningcss-linux-arm-gnueabihf
67 silly reify mark deleted [
67 silly reify   '/home/chand/ON-CBT/frontend/node_modules/lightningcss-linux-arm-gnueabihf'
67 silly reify ]
68 verbose reify failed optional dependency /home/chand/ON-CBT/frontend/node_modules/lightningcss-freebsd-x64
69 silly reify mark deleted [ '/home/chand/ON-CBT/frontend/node_modules/lightningcss-freebsd-x64' ]
70 verbose reify failed optional dependency /home/chand/ON-CBT/frontend/node_modules/lightningcss-darwin-x64
71 silly reify mark deleted [ '/home/chand/ON-CBT/frontend/node_modules/lightningcss-darwin-x64' ]
72 verbose reify failed optional dependency /home/chand/ON-CBT/frontend/node_modules/lightningcss-darwin-arm64
73 silly reify mark deleted [
73 silly reify   '/home/chand/ON-CBT/frontend/node_modules/lightningcss-darwin-arm64'
73 silly reify ]
74 verbose reify failed optional dependency /home/chand/ON-CBT/frontend/node_modules/lightningcss-android-arm64
75 silly reify mark deleted [
75 silly reify   '/home/chand/ON-CBT/frontend/node_modules/lightningcss-android-arm64'
75 silly reify ]
76 verbose reify failed optional dependency /home/chand/ON-CBT/frontend/node_modules/@unrs/resolver-binding-win32-x64-msvc
77 silly reify mark deleted [
77 silly reify   '/home/chand/ON-CBT/frontend/node_modules/@unrs/resolver-binding-win32-x64-msvc'
77 silly reify ]
78 verbose reify failed optional dependency /home/chand/ON-CBT/frontend/node_modules/@unrs/resolver-binding-win32-ia32-msvc
79 silly reify mark deleted [
79 silly reify   '/home/chand/ON-CBT/frontend/node_modules/@unrs/resolver-binding-win32-ia32-msvc'
79 silly reify ]
80 verbose reify failed optional dependency /home/chand/ON-CBT/frontend/node_modules/@unrs/resolver-binding-win32-arm64-msvc
81 silly reify mark deleted [
81 silly reify   '/home/chand/ON-CBT/frontend/node_modules/@unrs/resolver-binding-win32-arm64-msvc'
81 silly reify ]
82 verbose reify failed optional dependency /home/chand/ON-CBT/frontend/node_modules/@unrs/resolver-binding-wasm32-wasi
83 silly reify mark deleted [
83 silly reify   '/home/chand/ON-CBT/frontend/node_modules/@unrs/resolver-binding-wasm32-wasi'
83 silly reify ]
84 verbose reify failed optional dependency /home/chand/ON-CBT/frontend/node_modules/@unrs/resolver-binding-linux-s390x-gnu
85 silly reify mark deleted [
85 silly reify   '/home/chand/ON-CBT/frontend/node_modules/@unrs/resolver-binding-linux-s390x-gnu'
85 silly reify ]
86 verbose reify failed optional dependency /home/chand/ON-CBT/frontend/node_modules/@unrs/resolver-binding-linux-riscv64-musl
87 silly reify mark deleted [
87 silly reify   '/home/chand/ON-CBT/frontend/node_modules/@unrs/resolver-binding-linux-riscv64-musl'
87 silly reify ]
88 verbose reify failed optional dependency /home/chand/ON-CBT/frontend/node_modules/@unrs/resolver-binding-linux-riscv64-gnu
89 silly reify mark deleted [
89 silly reify   '/home/chand/ON-CBT/frontend/node_modules/@unrs/resolver-binding-linux-riscv64-gnu'
89 silly reify ]
90 verbose reify failed optional dependency /home/chand/ON-CBT/frontend/node_modules/@unrs/resolver-binding-linux-ppc64-gnu
91 silly reify mark deleted [
91 silly reify   '/home/chand/ON-CBT/frontend/node_modules/@unrs/resolver-binding-linux-ppc64-gnu'
91 silly reify ]
92 verbose reify failed optional dependency /home/chand/ON-CBT/frontend/node_modules/@unrs/resolver-binding-linux-arm64-musl
93 silly reify mark deleted [
93 silly reify   '/home/chand/ON-CBT/frontend/node_modules/@unrs/resolver-binding-linux-arm64-musl'
93 silly reify ]
94 verbose reify failed optional dependency /home/chand/ON-CBT/frontend/node_modules/@unrs/resolver-binding-linux-arm64-gnu
95 silly reify mark deleted [
95 silly reify   '/home/chand/ON-CBT/frontend/node_modules/@unrs/resolver-binding-linux-arm64-gnu'
95 silly reify ]
96 verbose reify failed optional dependency /home/chand/ON-CBT/frontend/node_modules/@unrs/resolver-binding-linux-arm-musleabihf
97 silly reify mark deleted [
97 silly reify   '/home/chand/ON-CBT/frontend/node_modules/@unrs/resolver-binding-linux-arm-musleabihf'
97 silly reify ]
98 verbose reify failed optional dependency /home/chand/ON-CBT/frontend/node_modules/@unrs/resolver-binding-linux-arm-gnueabihf
99 silly reify mark deleted [
99 silly reify   '/home/chand/ON-CBT/frontend/node_modules/@unrs/resolver-binding-linux-arm-gnueabihf'
99 silly reify ]
100 verbose reify failed optional dependency /home/chand/ON-CBT/frontend/node_modules/@unrs/resolver-binding-freebsd-x64
101 silly reify mark deleted [
101 silly reify   '/home/chand/ON-CBT/frontend/node_modules/@unrs/resolver-binding-freebsd-x64'
101 silly reify ]
102 verbose reify failed optional dependency /home/chand/ON-CBT/frontend/node_modules/@unrs/resolver-binding-darwin-x64
103 silly reify mark deleted [
103 silly reify   '/home/chand/ON-CBT/frontend/node_modules/@unrs/resolver-binding-darwin-x64'
103 silly reify ]
104 verbose reify failed optional dependency /home/chand/ON-CBT/frontend/node_modules/@unrs/resolver-binding-darwin-arm64
105 silly reify mark deleted [
105 silly reify   '/home/chand/ON-CBT/frontend/node_modules/@unrs/resolver-binding-darwin-arm64'
105 silly reify ]
106 verbose reify failed optional dependency /home/chand/ON-CBT/frontend/node_modules/@unrs/resolver-binding-android-arm64
107 silly reify mark deleted [
107 silly reify   '/home/chand/ON-CBT/frontend/node_modules/@unrs/resolver-binding-android-arm64'
107 silly reify ]
108 verbose reify failed optional dependency /home/chand/ON-CBT/frontend/node_modules/@unrs/resolver-binding-android-arm-eabi
109 silly reify mark deleted [
109 silly reify   '/home/chand/ON-CBT/frontend/node_modules/@unrs/resolver-binding-android-arm-eabi'
109 silly reify ]
110 verbose reify failed optional dependency /home/chand/ON-CBT/frontend/node_modules/@tailwindcss/oxide-win32-x64-msvc
111 silly reify mark deleted [
111 silly reify   '/home/chand/ON-CBT/frontend/node_modules/@tailwindcss/oxide-win32-x64-msvc'
111 silly reify ]
112 verbose reify failed optional dependency /home/chand/ON-CBT/frontend/node_modules/@tailwindcss/oxide-win32-arm64-msvc
113 silly reify mark deleted [
113 silly reify   '/home/chand/ON-CBT/frontend/node_modules/@tailwindcss/oxide-win32-arm64-msvc'
113 silly reify ]
114 verbose reify failed optional dependency /home/chand/ON-CBT/frontend/node_modules/@tailwindcss/oxide-linux-arm64-musl
115 silly reify mark deleted [
115 silly reify   '/home/chand/ON-CBT/frontend/node_modules/@tailwindcss/oxide-linux-arm64-musl'
115 silly reify ]
116 verbose reify failed optional dependency /home/chand/ON-CBT/frontend/node_modules/@tailwindcss/oxide-linux-arm64-gnu
117 silly reify mark deleted [
117 silly reify   '/home/chand/ON-CBT/frontend/node_modules/@tailwindcss/oxide-linux-arm64-gnu'
117 silly reify ]
118 verbose reify failed optional dependency /home/chand/ON-CBT/frontend/node_modules/@tailwindcss/oxide-linux-arm-gnueabihf
119 silly reify mark deleted [
119 silly reify   '/home/chand/ON-CBT/frontend/node_modules/@tailwindcss/oxide-linux-arm-gnueabihf'
119 silly reify ]
120 verbose reify failed optional dependency /home/chand/ON-CBT/frontend/node_modules/@tailwindcss/oxide-freebsd-x64
121 silly reify mark deleted [
121 silly reify   '/home/chand/ON-CBT/frontend/node_modules/@tailwindcss/oxide-freebsd-x64'
121 silly reify ]
122 verbose reify failed optional dependency /home/chand/ON-CBT/frontend/node_modules/@tailwindcss/oxide-darwin-x64
123 silly reify mark deleted [
123 silly reify   '/home/chand/ON-CBT/frontend/node_modules/@tailwindcss/oxide-darwin-x64'
123 silly reify ]
124 verbose reify failed optional dependency /home/chand/ON-CBT/frontend/node_modules/@tailwindcss/oxide-darwin-arm64
125 silly reify mark deleted [
125 silly reify   '/home/chand/ON-CBT/frontend/node_modules/@tailwindcss/oxide-darwin-arm64'
125 silly reify ]
126 verbose reify failed optional dependency /home/chand/ON-CBT/frontend/node_modules/@tailwindcss/oxide-android-arm64
127 silly reify mark deleted [
127 silly reify   '/home/chand/ON-CBT/frontend/node_modules/@tailwindcss/oxide-android-arm64'
127 silly reify ]
128 verbose reify failed optional dependency /home/chand/ON-CBT/frontend/node_modules/@next/swc-win32-x64-msvc
129 silly reify mark deleted [ '/home/chand/ON-CBT/frontend/node_modules/@next/swc-win32-x64-msvc' ]
130 verbose reify failed optional dependency /home/chand/ON-CBT/frontend/node_modules/@next/swc-win32-arm64-msvc
131 silly reify mark deleted [
131 silly reify   '/home/chand/ON-CBT/frontend/node_modules/@next/swc-win32-arm64-msvc'
131 silly reify ]
132 verbose reify failed optional dependency /home/chand/ON-CBT/frontend/node_modules/@next/swc-linux-arm64-musl
133 silly reify mark deleted [
133 silly reify   '/home/chand/ON-CBT/frontend/node_modules/@next/swc-linux-arm64-musl'
133 silly reify ]
134 verbose reify failed optional dependency /home/chand/ON-CBT/frontend/node_modules/@next/swc-linux-arm64-gnu
135 silly reify mark deleted [
135 silly reify   '/home/chand/ON-CBT/frontend/node_modules/@next/swc-linux-arm64-gnu'
135 silly reify ]
136 verbose reify failed optional dependency /home/chand/ON-CBT/frontend/node_modules/@next/swc-darwin-x64
137 silly reify mark deleted [ '/home/chand/ON-CBT/frontend/node_modules/@next/swc-darwin-x64' ]
138 verbose reify failed optional dependency /home/chand/ON-CBT/frontend/node_modules/@next/swc-darwin-arm64
139 silly reify mark deleted [ '/home/chand/ON-CBT/frontend/node_modules/@next/swc-darwin-arm64' ]
140 verbose reify failed optional dependency /home/chand/ON-CBT/frontend/node_modules/@img/sharp-win32-x64
141 silly reify mark deleted [ '/home/chand/ON-CBT/frontend/node_modules/@img/sharp-win32-x64' ]
142 verbose reify failed optional dependency /home/chand/ON-CBT/frontend/node_modules/@img/sharp-win32-ia32
143 silly reify mark deleted [ '/home/chand/ON-CBT/frontend/node_modules/@img/sharp-win32-ia32' ]
144 verbose reify failed optional dependency /home/chand/ON-CBT/frontend/node_modules/@img/sharp-win32-arm64
145 silly reify mark deleted [ '/home/chand/ON-CBT/frontend/node_modules/@img/sharp-win32-arm64' ]
146 verbose reify failed optional dependency /home/chand/ON-CBT/frontend/node_modules/@img/sharp-wasm32
147 silly reify mark deleted [ '/home/chand/ON-CBT/frontend/node_modules/@img/sharp-wasm32' ]
148 verbose reify failed optional dependency /home/chand/ON-CBT/frontend/node_modules/@img/sharp-linuxmusl-arm64
149 silly reify mark deleted [
149 silly reify   '/home/chand/ON-CBT/frontend/node_modules/@img/sharp-linuxmusl-arm64'
149 silly reify ]
150 verbose reify failed optional dependency /home/chand/ON-CBT/frontend/node_modules/@img/sharp-linux-s390x
151 silly reify mark deleted [ '/home/chand/ON-CBT/frontend/node_modules/@img/sharp-linux-s390x' ]
152 verbose reify failed optional dependency /home/chand/ON-CBT/frontend/node_modules/@img/sharp-linux-riscv64
153 silly reify mark deleted [ '/home/chand/ON-CBT/frontend/node_modules/@img/sharp-linux-riscv64' ]
154 verbose reify failed optional dependency /home/chand/ON-CBT/frontend/node_modules/@img/sharp-linux-ppc64
155 silly reify mark deleted [ '/home/chand/ON-CBT/frontend/node_modules/@img/sharp-linux-ppc64' ]
156 verbose reify failed optional dependency /home/chand/ON-CBT/frontend/node_modules/@img/sharp-linux-arm64
157 silly reify mark deleted [ '/home/chand/ON-CBT/frontend/node_modules/@img/sharp-linux-arm64' ]
158 verbose reify failed optional dependency /home/chand/ON-CBT/frontend/node_modules/@img/sharp-linux-arm
159 silly reify mark deleted [ '/home/chand/ON-CBT/frontend/node_modules/@img/sharp-linux-arm' ]
160 verbose reify failed optional dependency /home/chand/ON-CBT/frontend/node_modules/@img/sharp-libvips-linuxmusl-arm64
161 silly reify mark deleted [
161 silly reify   '/home/chand/ON-CBT/frontend/node_modules/@img/sharp-libvips-linuxmusl-arm64'
161 silly reify ]
162 verbose reify failed optional dependency /home/chand/ON-CBT/frontend/node_modules/@img/sharp-libvips-linux-s390x
163 silly reify mark deleted [
163 silly reify   '/home/chand/ON-CBT/frontend/node_modules/@img/sharp-libvips-linux-s390x'
163 silly reify ]
164 verbose reify failed optional dependency /home/chand/ON-CBT/frontend/node_modules/@img/sharp-libvips-linux-riscv64
165 silly reify mark deleted [
165 silly reify   '/home/chand/ON-CBT/frontend/node_modules/@img/sharp-libvips-linux-riscv64'
165 silly reify ]
166 verbose reify failed optional dependency /home/chand/ON-CBT/frontend/node_modules/@img/sharp-libvips-linux-ppc64
167 silly reify mark deleted [
167 silly reify   '/home/chand/ON-CBT/frontend/node_modules/@img/sharp-libvips-linux-ppc64'
167 silly reify ]
168 verbose reify failed optional dependency /home/chand/ON-CBT/frontend/node_modules/@img/sharp-libvips-linux-arm64
169 silly reify mark deleted [
169 silly reify   '/home/chand/ON-CBT/frontend/node_modules/@img/sharp-libvips-linux-arm64'
169 silly reify ]
170 verbose reify failed optional dependency /home/chand/ON-CBT/frontend/node_modules/@img/sharp-libvips-linux-arm
171 silly reify mark deleted [
171 silly reify   '/home/chand/ON-CBT/frontend/node_modules/@img/sharp-libvips-linux-arm'
171 silly reify ]
172 verbose reify failed optional dependency /home/chand/ON-CBT/frontend/node_modules/@img/sharp-libvips-darwin-x64
173 silly reify mark deleted [
173 silly reify   '/home/chand/ON-CBT/frontend/node_modules/@img/sharp-libvips-darwin-x64'
173 silly reify ]
174 verbose reify failed optional dependency /home/chand/ON-CBT/frontend/node_modules/@img/sharp-libvips-darwin-arm64
175 silly reify mark deleted [
175 silly reify   '/home/chand/ON-CBT/frontend/node_modules/@img/sharp-libvips-darwin-arm64'
175 silly reify ]
176 verbose reify failed optional dependency /home/chand/ON-CBT/frontend/node_modules/@img/sharp-darwin-x64
177 silly reify mark deleted [ '/home/chand/ON-CBT/frontend/node_modules/@img/sharp-darwin-x64' ]
178 verbose reify failed optional dependency /home/chand/ON-CBT/frontend/node_modules/@img/sharp-darwin-arm64
179 silly reify mark deleted [ '/home/chand/ON-CBT/frontend/node_modules/@img/sharp-darwin-arm64' ]
180 timing reifyNode:node_modules/lightningcss-win32-x64-msvc Completed in 79ms
181 timing reifyNode:node_modules/lightningcss-win32-arm64-msvc Completed in 78ms
182 timing reifyNode:node_modules/lightningcss-linux-arm64-musl Completed in 79ms
183 timing reifyNode:node_modules/lightningcss-linux-arm64-gnu Completed in 78ms
184 timing reifyNode:node_modules/lightningcss-linux-arm-gnueabihf Completed in 77ms
185 timing reifyNode:node_modules/lightningcss-freebsd-x64 Completed in 78ms
186 timing reifyNode:node_modules/lightningcss-darwin-x64 Completed in 79ms
187 timing reifyNode:node_modules/lightningcss-darwin-arm64 Completed in 78ms
188 timing reifyNode:node_modules/lightningcss-android-arm64 Completed in 79ms
189 timing reifyNode:node_modules/@unrs/resolver-binding-win32-x64-msvc Completed in 78ms
190 timing reifyNode:node_modules/@unrs/resolver-binding-win32-ia32-msvc Completed in 78ms
191 timing reifyNode:node_modules/@unrs/resolver-binding-win32-arm64-msvc Completed in 79ms
192 timing reifyNode:node_modules/@unrs/resolver-binding-wasm32-wasi Completed in 78ms
193 timing reifyNode:node_modules/@unrs/resolver-binding-linux-s390x-gnu Completed in 78ms
194 timing reifyNode:node_modules/@unrs/resolver-binding-linux-riscv64-musl Completed in 78ms
195 timing reifyNode:node_modules/@unrs/resolver-binding-linux-riscv64-gnu Completed in 78ms
196 timing reifyNode:node_modules/@unrs/resolver-binding-linux-ppc64-gnu Completed in 78ms
197 timing reifyNode:node_modules/@unrs/resolver-binding-linux-arm64-musl Completed in 79ms
198 timing reifyNode:node_modules/@unrs/resolver-binding-linux-arm64-gnu Completed in 78ms
199 timing reifyNode:node_modules/@unrs/resolver-binding-linux-arm-musleabihf Completed in 79ms
200 timing reifyNode:node_modules/@unrs/resolver-binding-linux-arm-gnueabihf Completed in 78ms
201 timing reifyNode:node_modules/@unrs/resolver-binding-freebsd-x64 Completed in 79ms
202 timing reifyNode:node_modules/@unrs/resolver-binding-darwin-x64 Completed in 79ms
203 timing reifyNode:node_modules/@unrs/resolver-binding-darwin-arm64 Completed in 79ms
204 timing reifyNode:node_modules/@unrs/resolver-binding-android-arm64 Completed in 79ms
205 timing reifyNode:node_modules/@unrs/resolver-binding-android-arm-eabi Completed in 78ms
206 timing reifyNode:node_modules/@tailwindcss/oxide-win32-x64-msvc Completed in 79ms
207 timing reifyNode:node_modules/@tailwindcss/oxide-win32-arm64-msvc Completed in 79ms
208 timing reifyNode:node_modules/@tailwindcss/oxide-linux-arm64-musl Completed in 79ms
209 timing reifyNode:node_modules/@tailwindcss/oxide-linux-arm64-gnu Completed in 78ms
210 timing reifyNode:node_modules/@tailwindcss/oxide-linux-arm-gnueabihf Completed in 78ms
211 timing reifyNode:node_modules/@tailwindcss/oxide-freebsd-x64 Completed in 79ms
212 timing reifyNode:node_modules/@tailwindcss/oxide-darwin-x64 Completed in 79ms
213 timing reifyNode:node_modules/@tailwindcss/oxide-darwin-arm64 Completed in 78ms
214 timing reifyNode:node_modules/@tailwindcss/oxide-android-arm64 Completed in 79ms
215 timing reifyNode:node_modules/@next/swc-win32-x64-msvc Completed in 79ms
216 timing reifyNode:node_modules/@next/swc-win32-arm64-msvc Completed in 79ms
217 timing reifyNode:node_modules/@next/swc-linux-arm64-musl Completed in 80ms
218 timing reifyNode:node_modules/@next/swc-linux-arm64-gnu Completed in 79ms
219 timing reifyNode:node_modules/@next/swc-darwin-x64 Completed in 79ms
220 timing reifyNode:node_modules/@next/swc-darwin-arm64 Completed in 79ms
221 timing reifyNode:node_modules/@img/sharp-win32-x64 Completed in 80ms
222 timing reifyNode:node_modules/@img/sharp-win32-ia32 Completed in 80ms
223 timing reifyNode:node_modules/@img/sharp-win32-arm64 Completed in 79ms
224 timing reifyNode:node_modules/@img/sharp-wasm32 Completed in 79ms
225 timing reifyNode:node_modules/@img/sharp-linuxmusl-arm64 Completed in 79ms
226 timing reifyNode:node_modules/@img/sharp-linux-s390x Completed in 76ms
227 timing reifyNode:node_modules/@img/sharp-linux-riscv64 Completed in 79ms
228 timing reifyNode:node_modules/@img/sharp-linux-ppc64 Completed in 80ms
229 timing reifyNode:node_modules/@img/sharp-linux-arm64 Completed in 79ms
230 timing reifyNode:node_modules/@img/sharp-linux-arm Completed in 79ms
231 timing reifyNode:node_modules/@img/sharp-libvips-linuxmusl-arm64 Completed in 82ms
232 timing reifyNode:node_modules/@img/sharp-libvips-linux-s390x Completed in 81ms
233 timing reifyNode:node_modules/@img/sharp-libvips-linux-riscv64 Completed in 82ms
234 timing reifyNode:node_modules/@img/sharp-libvips-linux-ppc64 Completed in 82ms
235 timing reifyNode:node_modules/@img/sharp-libvips-linux-arm64 Completed in 84ms
236 timing reifyNode:node_modules/@img/sharp-libvips-linux-arm Completed in 85ms
237 timing reifyNode:node_modules/@img/sharp-libvips-darwin-x64 Completed in 86ms
238 timing reifyNode:node_modules/@img/sharp-libvips-darwin-arm64 Completed in 87ms
239 timing reifyNode:node_modules/@img/sharp-darwin-x64 Completed in 87ms
240 timing reifyNode:node_modules/@img/sharp-darwin-arm64 Completed in 88ms
241 silly tarball no local data for tw-animate-css@https://registry.npmjs.org/tw-animate-css/-/tw-animate-css-1.4.0.tgz. Extracting by manifest.
242 http fetch POST 200 https://registry.npmjs.org/-/npm/v1/security/advisories/bulk 454ms
243 timing auditReport:getReport Completed in 489ms
244 silly audit report {}
245 timing auditReport:init Completed in 0ms
246 timing reify:audit Completed in 491ms
247 http fetch GET 200 https://registry.npmjs.org/tw-animate-css/-/tw-animate-css-1.4.0.tgz 377ms (cache miss)
248 timing reifyNode:node_modules/tw-animate-css Completed in 523ms
249 timing reify:unpack Completed in 526ms
250 timing reify:unretire Completed in 2ms
251 timing build:queue Completed in 15ms
252 timing build:deps Completed in 16ms
253 timing build Completed in 20ms
254 timing reify:build Completed in 24ms
255 timing reify:trash Completed in 35ms
256 timing reify:save Completed in 2293ms
257 timing reify Completed in 6649ms
258 silly ADD node_modules/tw-animate-css
259 silly ADD
260 silly ADD
261 silly ADD
262 silly ADD
263 silly ADD
264 silly ADD
265 silly ADD
266 silly ADD
267 silly ADD
268 silly ADD
269 silly ADD
270 silly ADD
271 silly ADD
272 silly ADD
273 silly ADD
274 silly ADD
275 silly ADD
276 silly ADD
277 silly ADD
278 silly ADD
279 silly ADD
280 silly ADD
281 silly ADD
282 silly ADD
283 silly ADD
284 silly ADD
285 silly ADD
286 silly ADD
287 silly ADD
288 silly ADD
289 silly ADD
290 silly ADD
291 silly ADD
292 silly ADD
293 silly ADD
294 silly ADD
295 silly ADD
296 silly ADD
297 silly ADD
298 silly ADD
299 silly ADD
300 silly ADD
301 silly ADD
302 silly ADD
303 silly ADD
304 silly ADD
305 silly ADD
306 silly ADD
307 silly ADD
308 silly ADD
309 silly ADD
310 silly ADD
311 silly ADD
312 silly ADD
313 silly ADD
314 silly ADD
315 silly ADD
316 silly ADD
317 silly ADD
318 silly ADD
319 silly ADD
320 silly ADD
321 timing command:install Completed in 6779ms
322 verbose exit 0
323 timing npm Completed in 7819ms
324 info ok
