0 verbose cli /home/chand/ON-CBT/nodejs/bin/node /home/chand/ON-CBT/nodejs/bin/npm
1 info using npm@10.2.4
2 info using node@v20.11.0
3 timing npm:load:whichnode Completed in 13ms
4 timing config:load:defaults Completed in 31ms
5 timing config:load:file:/home/chand/ON-CBT/nodejs/lib/node_modules/npm/npmrc Completed in 19ms
6 timing config:load:builtin Completed in 21ms
7 timing config:load:cli Completed in 8ms
8 timing config:load:env Completed in 3ms
9 timing config:load:file:/home/chand/ON-CBT/frontend/.npmrc Completed in 0ms
10 timing config:load:project Completed in 9ms
11 timing config:load:file:/home/chand/.var/app/com.visualstudio.code/config/npmrc Completed in 0ms
12 timing config:load:user Completed in 2ms
13 timing config:load:file:/app/etc/npmrc Completed in 5ms
14 timing config:load:global Completed in 5ms
15 timing config:load:setEnvs Completed in 4ms
16 timing config:load Completed in 86ms
17 timing npm:load:configload Completed in 87ms
18 timing config:load:flatten Completed in 9ms
19 timing npm:load:mkdirpcache Completed in 1ms
20 timing npm:load:mkdirplogs Completed in 1ms
21 verbose title npm install clsx tailwind-merge class-variance-authority lucide-react
22 verbose argv "install" "clsx" "tailwind-merge" "class-variance-authority" "lucide-react"
23 timing npm:load:setTitle Completed in 5ms
24 timing npm:load:display Completed in 5ms
25 verbose logfile logs-max:10 dir:/home/chand/ON-CBT/frontend/.npm-local/cache/_logs/2025-12-05T23_42_12_186Z-
26 verbose logfile /home/chand/ON-CBT/frontend/.npm-local/cache/_logs/2025-12-05T23_42_12_186Z-debug-0.log
27 timing npm:load:logFile Completed in 52ms
28 timing npm:load:timers Completed in 1ms
29 timing npm:load:configScope Completed in 0ms
30 timing npm:load Completed in 244ms
31 timing arborist:ctor Completed in 6ms
32 silly logfile done cleaning log files
33 timing idealTree:init Completed in 1609ms
34 timing idealTree:userRequests Completed in 6ms
35 silly idealTree buildDeps
36 silly fetch manifest class-variance-authority@^0.7.1
37 timing arborist:ctor Completed in 6ms
38 http fetch GET 200 https://registry.npmjs.org/class-variance-authority 1480ms (cache revalidated)
39 silly fetch manifest clsx@^2.1.1
40 http fetch GET 200 https://registry.npmjs.org/clsx 236ms (cache revalidated)
41 silly fetch manifest lucide-react@^0.556.0
42 http fetch GET 200 https://registry.npmjs.org/lucide-react 122ms (cache revalidated)
43 silly fetch manifest react@19.2.0
44 http fetch GET 200 https://registry.npmjs.org/react 289ms (cache revalidated)
45 silly fetch manifest tailwind-merge@^3.4.0
46 http fetch GET 200 https://registry.npmjs.org/tailwind-merge 441ms (cache revalidated)
47 silly placeDep ROOT class-variance-authority@0.7.1 REPLACE for: frontend@0.1.0 want: ^0.7.1
48 silly placeDep ROOT clsx@2.1.1 REPLACE for: frontend@0.1.0 want: ^2.1.1
49 silly placeDep ROOT lucide-react@0.556.0 REPLACE for: frontend@0.1.0 want: ^0.556.0
50 silly placeDep ROOT tailwind-merge@3.4.0 REPLACE for: frontend@0.1.0 want: ^3.4.0
51 timing idealTree:#root Completed in 2839ms
52 timing idealTree:node_modules/@tailwindcss/oxide-wasm32-wasi Completed in 0ms
53 timing idealTree:node_modules/class-variance-authority Completed in 1ms
54 timing idealTree:node_modules/clsx Completed in 0ms
55 timing idealTree:node_modules/lucide-react Completed in 0ms
56 timing idealTree:node_modules/tailwind-merge Completed in 0ms
57 timing idealTree:buildDeps Completed in 2847ms
58 timing idealTree:fixDepFlags Completed in 63ms
59 timing idealTree Completed in 4612ms
60 timing reify:loadTrees Completed in 4615ms
61 timing reify:diffTrees Completed in 102ms
62 silly reify moves {}
63 timing reify:retireShallow Completed in 3ms
64 timing reify:createSparse Completed in 32ms
65 verbose reify failed optional dependency /home/chand/ON-CBT/frontend/node_modules/@tailwindcss/oxide-wasm32-wasi
66 silly reify mark deleted [
66 silly reify   '/home/chand/ON-CBT/frontend/node_modules/@tailwindcss/oxide-wasm32-wasi'
66 silly reify ]
67 timing reifyNode:node_modules/@tailwindcss/oxide-wasm32-wasi Completed in 12ms
68 timing arborist:ctor Completed in 1ms
69 timing reify:diffTrees Completed in 45ms
70 timing reify:loadBundles Completed in 70ms
71 silly audit bulk request {
71 silly audit   '@alloc/quick-lru': [ '5.2.0' ],
71 silly audit   '@babel/code-frame': [ '7.27.1' ],
71 silly audit   '@babel/compat-data': [ '7.28.5' ],
71 silly audit   '@babel/core': [ '7.28.5' ],
71 silly audit   '@babel/generator': [ '7.28.5' ],
71 silly audit   '@babel/helper-compilation-targets': [ '7.27.2' ],
71 silly audit   '@babel/helper-globals': [ '7.28.0' ],
71 silly audit   '@babel/helper-module-imports': [ '7.27.1' ],
71 silly audit   '@babel/helper-module-transforms': [ '7.28.3' ],
71 silly audit   '@babel/helper-string-parser': [ '7.27.1' ],
71 silly audit   '@babel/helper-validator-identifier': [ '7.28.5' ],
71 silly audit   '@babel/helper-validator-option': [ '7.27.1' ],
71 silly audit   '@babel/helpers': [ '7.28.4' ],
71 silly audit   '@babel/parser': [ '7.28.5' ],
71 silly audit   '@babel/template': [ '7.27.2' ],
71 silly audit   '@babel/traverse': [ '7.28.5' ],
71 silly audit   '@babel/types': [ '7.28.5' ],
71 silly audit   '@emnapi/core': [ '1.7.1' ],
71 silly audit   '@emnapi/runtime': [ '1.7.1' ],
71 silly audit   '@emnapi/wasi-threads': [ '1.1.0' ],
71 silly audit   '@eslint-community/eslint-utils': [ '4.9.0' ],
71 silly audit   'eslint-visitor-keys': [ '3.4.3', '4.2.1' ],
71 silly audit   '@eslint-community/regexpp': [ '4.12.2' ],
71 silly audit   '@eslint/config-array': [ '0.21.1' ],
71 silly audit   '@eslint/config-helpers': [ '0.4.2' ],
71 silly audit   '@eslint/core': [ '0.17.0' ],
71 silly audit   '@eslint/eslintrc': [ '3.3.3' ],
71 silly audit   '@eslint/js': [ '9.39.1' ],
71 silly audit   '@eslint/object-schema': [ '2.1.7' ],
71 silly audit   '@eslint/plugin-kit': [ '0.4.1' ],
71 silly audit   '@humanfs/core': [ '0.19.1' ],
71 silly audit   '@humanfs/node': [ '0.16.7' ],
71 silly audit   '@humanwhocodes/module-importer': [ '1.0.1' ],
71 silly audit   '@humanwhocodes/retry': [ '0.4.3' ],
71 silly audit   '@img/colour': [ '1.0.0' ],
71 silly audit   '@img/sharp-darwin-arm64': [ '0.34.5' ],
71 silly audit   '@img/sharp-darwin-x64': [ '0.34.5' ],
71 silly audit   '@img/sharp-libvips-darwin-arm64': [ '1.2.4' ],
71 silly audit   '@img/sharp-libvips-darwin-x64': [ '1.2.4' ],
71 silly audit   '@img/sharp-libvips-linux-arm': [ '1.2.4' ],
71 silly audit   '@img/sharp-libvips-linux-arm64': [ '1.2.4' ],
71 silly audit   '@img/sharp-libvips-linux-ppc64': [ '1.2.4' ],
71 silly audit   '@img/sharp-libvips-linux-riscv64': [ '1.2.4' ],
71 silly audit   '@img/sharp-libvips-linux-s390x': [ '1.2.4' ],
71 silly audit   '@img/sharp-libvips-linux-x64': [ '1.2.4' ],
71 silly audit   '@img/sharp-libvips-linuxmusl-arm64': [ '1.2.4' ],
71 silly audit   '@img/sharp-libvips-linuxmusl-x64': [ '1.2.4' ],
71 silly audit   '@img/sharp-linux-arm': [ '0.34.5' ],
71 silly audit   '@img/sharp-linux-arm64': [ '0.34.5' ],
71 silly audit   '@img/sharp-linux-ppc64': [ '0.34.5' ],
71 silly audit   '@img/sharp-linux-riscv64': [ '0.34.5' ],
71 silly audit   '@img/sharp-linux-s390x': [ '0.34.5' ],
71 silly audit   '@img/sharp-linux-x64': [ '0.34.5' ],
71 silly audit   '@img/sharp-linuxmusl-arm64': [ '0.34.5' ],
71 silly audit   '@img/sharp-linuxmusl-x64': [ '0.34.5' ],
71 silly audit   '@img/sharp-wasm32': [ '0.34.5' ],
71 silly audit   '@img/sharp-win32-arm64': [ '0.34.5' ],
71 silly audit   '@img/sharp-win32-ia32': [ '0.34.5' ],
71 silly audit   '@img/sharp-win32-x64': [ '0.34.5' ],
71 silly audit   '@jridgewell/gen-mapping': [ '0.3.13' ],
71 silly audit   '@jridgewell/remapping': [ '2.3.5' ],
71 silly audit   '@jridgewell/resolve-uri': [ '3.1.2' ],
71 silly audit   '@jridgewell/sourcemap-codec': [ '1.5.5' ],
71 silly audit   '@jridgewell/trace-mapping': [ '0.3.31' ],
71 silly audit   '@napi-rs/wasm-runtime': [ '0.2.12' ],
71 silly audit   '@next/env': [ '16.0.7' ],
71 silly audit   '@next/eslint-plugin-next': [ '16.0.7' ],
71 silly audit   '@next/swc-darwin-arm64': [ '16.0.7' ],
71 silly audit   '@next/swc-darwin-x64': [ '16.0.7' ],
71 silly audit   '@next/swc-linux-arm64-gnu': [ '16.0.7' ],
71 silly audit   '@next/swc-linux-arm64-musl': [ '16.0.7' ],
71 silly audit   '@next/swc-linux-x64-gnu': [ '16.0.7' ],
71 silly audit   '@next/swc-linux-x64-musl': [ '16.0.7' ],
71 silly audit   '@next/swc-win32-arm64-msvc': [ '16.0.7' ],
71 silly audit   '@next/swc-win32-x64-msvc': [ '16.0.7' ],
71 silly audit   '@nodelib/fs.scandir': [ '2.1.5' ],
71 silly audit   '@nodelib/fs.stat': [ '2.0.5' ],
71 silly audit   '@nodelib/fs.walk': [ '1.2.8' ],
71 silly audit   '@nolyfill/is-core-module': [ '1.0.39' ],
71 silly audit   '@rtsao/scc': [ '1.1.0' ],
71 silly audit   '@swc/helpers': [ '0.5.15' ],
71 silly audit   '@tailwindcss/node': [ '4.1.17' ],
71 silly audit   '@tailwindcss/oxide': [ '4.1.17' ],
71 silly audit   '@tailwindcss/oxide-android-arm64': [ '4.1.17' ],
71 silly audit   '@tailwindcss/oxide-darwin-arm64': [ '4.1.17' ],
71 silly audit   '@tailwindcss/oxide-darwin-x64': [ '4.1.17' ],
71 silly audit   '@tailwindcss/oxide-freebsd-x64': [ '4.1.17' ],
71 silly audit   '@tailwindcss/oxide-linux-arm-gnueabihf': [ '4.1.17' ],
71 silly audit   '@tailwindcss/oxide-linux-arm64-gnu': [ '4.1.17' ],
71 silly audit   '@tailwindcss/oxide-linux-arm64-musl': [ '4.1.17' ],
71 silly audit   '@tailwindcss/oxide-linux-x64-gnu': [ '4.1.17' ],
71 silly audit   '@tailwindcss/oxide-linux-x64-musl': [ '4.1.17' ],
71 silly audit   '@tailwindcss/oxide-win32-arm64-msvc': [ '4.1.17' ],
71 silly audit   '@tailwindcss/oxide-win32-x64-msvc': [ '4.1.17' ],
71 silly audit   '@tailwindcss/postcss': [ '4.1.17' ],
71 silly audit   '@tybys/wasm-util': [ '0.10.1' ],
71 silly audit   '@types/estree': [ '1.0.8' ],
71 silly audit   '@types/json-schema': [ '7.0.15' ],
71 silly audit   '@types/json5': [ '0.0.29' ],
71 silly audit   '@types/node': [ '20.19.25' ],
71 silly audit   '@types/react': [ '19.2.7' ],
71 silly audit   '@types/react-dom': [ '19.2.3' ],
71 silly audit   '@typescript-eslint/eslint-plugin': [ '8.48.1' ],
71 silly audit   ignore: [ '7.0.5', '5.3.2' ],
71 silly audit   '@typescript-eslint/parser': [ '8.48.1' ],
71 silly audit   '@typescript-eslint/project-service': [ '8.48.1' ],
71 silly audit   '@typescript-eslint/scope-manager': [ '8.48.1' ],
71 silly audit   '@typescript-eslint/tsconfig-utils': [ '8.48.1' ],
71 silly audit   '@typescript-eslint/type-utils': [ '8.48.1' ],
71 silly audit   '@typescript-eslint/types': [ '8.48.1' ],
71 silly audit   '@typescript-eslint/typescript-estree': [ '8.48.1' ],
71 silly audit   'brace-expansion': [ '2.0.2', '1.1.12' ],
71 silly audit   minimatch: [ '9.0.5', '3.1.2' ],
71 silly audit   semver: [ '7.7.3', '6.3.1' ],
71 silly audit   '@typescript-eslint/utils': [ '8.48.1' ],
71 silly audit   '@typescript-eslint/visitor-keys': [ '8.48.1' ],
71 silly audit   '@unrs/resolver-binding-android-arm-eabi': [ '1.11.1' ],
71 silly audit   '@unrs/resolver-binding-android-arm64': [ '1.11.1' ],
71 silly audit   '@unrs/resolver-binding-darwin-arm64': [ '1.11.1' ],
71 silly audit   '@unrs/resolver-binding-darwin-x64': [ '1.11.1' ],
71 silly audit   '@unrs/resolver-binding-freebsd-x64': [ '1.11.1' ],
71 silly audit   '@unrs/resolver-binding-linux-arm-gnueabihf': [ '1.11.1' ],
71 silly audit   '@unrs/resolver-binding-linux-arm-musleabihf': [ '1.11.1' ],
71 silly audit   '@unrs/resolver-binding-linux-arm64-gnu': [ '1.11.1' ],
71 silly audit   '@unrs/resolver-binding-linux-arm64-musl': [ '1.11.1' ],
71 silly audit   '@unrs/resolver-binding-linux-ppc64-gnu': [ '1.11.1' ],
71 silly audit   '@unrs/resolver-binding-linux-riscv64-gnu': [ '1.11.1' ],
71 silly audit   '@unrs/resolver-binding-linux-riscv64-musl': [ '1.11.1' ],
71 silly audit   '@unrs/resolver-binding-linux-s390x-gnu': [ '1.11.1' ],
71 silly audit   '@unrs/resolver-binding-linux-x64-gnu': [ '1.11.1' ],
71 silly audit   '@unrs/resolver-binding-linux-x64-musl': [ '1.11.1' ],
71 silly audit   '@unrs/resolver-binding-wasm32-wasi': [ '1.11.1' ],
71 silly audit   '@unrs/resolver-binding-win32-arm64-msvc': [ '1.11.1' ],
71 silly audit   '@unrs/resolver-binding-win32-ia32-msvc': [ '1.11.1' ],
71 silly audit   '@unrs/resolver-binding-win32-x64-msvc': [ '1.11.1' ],
71 silly audit   acorn: [ '8.15.0' ],
71 silly audit   'acorn-jsx': [ '5.3.2' ],
71 silly audit   ajv: [ '6.12.6' ],
71 silly audit   'ansi-styles': [ '4.3.0' ],
71 silly audit   argparse: [ '2.0.1' ],
71 silly audit   'aria-query': [ '5.3.2' ],
71 silly audit   'array-buffer-byte-length': [ '1.0.2' ],
71 silly audit   'array-includes': [ '3.1.9' ],
71 silly audit   'array.prototype.findlast': [ '1.2.5' ],
71 silly audit   'array.prototype.findlastindex': [ '1.2.6' ],
71 silly audit   'array.prototype.flat': [ '1.3.3' ],
71 silly audit   'array.prototype.flatmap': [ '1.3.3' ],
71 silly audit   'array.prototype.tosorted': [ '1.1.4' ],
71 silly audit   'arraybuffer.prototype.slice': [ '1.0.4' ],
71 silly audit   'ast-types-flow': [ '0.0.8' ],
71 silly audit   'async-function': [ '1.0.0' ],
71 silly audit   asynckit: [ '0.4.0' ],
71 silly audit   'available-typed-arrays': [ '1.0.7' ],
71 silly audit   'axe-core': [ '4.11.0' ],
71 silly audit   axios: [ '1.13.2' ],
71 silly audit   'axobject-query': [ '4.1.0' ],
71 silly audit   'balanced-match': [ '1.0.2' ],
71 silly audit   'baseline-browser-mapping': [ '2.9.3' ],
71 silly audit   braces: [ '3.0.3' ],
71 silly audit   browserslist: [ '4.28.1' ],
71 silly audit   'call-bind': [ '1.0.8' ],
71 silly audit   'call-bind-apply-helpers': [ '1.0.2' ],
71 silly audit   'call-bound': [ '1.0.4' ],
71 silly audit   callsites: [ '3.1.0' ],
71 silly audit   'caniuse-lite': [ '1.0.30001759' ],
71 silly audit   chalk: [ '4.1.2' ],
71 silly audit   'client-only': [ '0.0.1' ],
71 silly audit   'color-convert': [ '2.0.1' ],
71 silly audit   'color-name': [ '1.1.4' ],
71 silly audit   'combined-stream': [ '1.0.8' ],
71 silly audit   'concat-map': [ '0.0.1' ],
71 silly audit   'convert-source-map': [ '2.0.0' ],
71 silly audit   'cross-spawn': [ '7.0.6' ],
71 silly audit   csstype: [ '3.2.3' ],
71 silly audit   'damerau-levenshtein': [ '1.0.8' ],
71 silly audit   'data-view-buffer': [ '1.0.2' ],
71 silly audit   'data-view-byte-length': [ '1.0.2' ],
71 silly audit   'data-view-byte-offset': [ '1.0.1' ],
71 silly audit   debug: [ '4.4.3', '3.2.7' ],
71 silly audit   'deep-is': [ '0.1.4' ],
71 silly audit   'define-data-property': [ '1.1.4' ],
71 silly audit   'define-properties': [ '1.2.1' ],
71 silly audit   'delayed-stream': [ '1.0.0' ],
71 silly audit   'detect-libc': [ '2.1.2' ],
71 silly audit   doctrine: [ '2.1.0' ],
71 silly audit   'dunder-proto': [ '1.0.1' ],
71 silly audit   'electron-to-chromium': [ '1.5.266' ],
71 silly audit   'emoji-regex': [ '9.2.2' ],
71 silly audit   'enhanced-resolve': [ '5.18.3' ],
71 silly audit   'es-abstract': [ '1.24.0' ],
71 silly audit   'es-define-property': [ '1.0.1' ],
71 silly audit   'es-errors': [ '1.3.0' ],
71 silly audit   'es-iterator-helpers': [ '1.2.1' ],
71 silly audit   'es-object-atoms': [ '1.1.1' ],
71 silly audit   'es-set-tostringtag': [ '2.1.0' ],
71 silly audit   'es-shim-unscopables': [ '1.1.0' ],
71 silly audit   'es-to-primitive': [ '1.3.0' ],
71 silly audit   escalade: [ '3.2.0' ],
71 silly audit   'escape-string-regexp': [ '4.0.0' ],
71 silly audit   eslint: [ '9.39.1' ],
71 silly audit   'eslint-config-next': [ '16.0.7' ],
71 silly audit   globals: [ '16.4.0', '14.0.0' ],
71 silly audit   'eslint-import-resolver-node': [ '0.3.9' ],
71 silly audit   'eslint-import-resolver-typescript': [ '3.10.1' ],
71 silly audit   'eslint-module-utils': [ '2.12.1' ],
71 silly audit   'eslint-plugin-import': [ '2.32.0' ],
71 silly audit   'eslint-plugin-jsx-a11y': [ '6.10.2' ],
71 silly audit   'eslint-plugin-react': [ '7.37.5' ],
71 silly audit   'eslint-plugin-react-hooks': [ '7.0.1' ],
71 silly audit   resolve: [ '2.0.0-next.5', '1.22.11' ],
71 silly audit   'eslint-scope': [ '8.4.0' ],
71 silly audit   espree: [ '10.4.0' ],
71 silly audit   esquery: [ '1.6.0' ],
71 silly audit   esrecurse: [ '4.3.0' ],
71 silly audit   estraverse: [ '5.3.0' ],
71 silly audit   esutils: [ '2.0.3' ],
71 silly audit   'fast-deep-equal': [ '3.1.3' ],
71 silly audit   'fast-glob': [ '3.3.1' ],
71 silly audit   'glob-parent': [ '5.1.2', '6.0.2' ],
71 silly audit   'fast-json-stable-stringify': [ '2.1.0' ],
71 silly audit   'fast-levenshtein': [ '2.0.6' ],
71 silly audit   fastq: [ '1.19.1' ],
71 silly audit   'file-entry-cache': [ '8.0.0' ],
71 silly audit   'fill-range': [ '7.1.1' ],
71 silly audit   'find-up': [ '5.0.0' ],
71 silly audit   'flat-cache': [ '4.0.1' ],
71 silly audit   flatted: [ '3.3.3' ],
71 silly audit   'follow-redirects': [ '1.15.11' ],
71 silly audit   'for-each': [ '0.3.5' ],
71 silly audit   'form-data': [ '4.0.5' ],
71 silly audit   'function-bind': [ '1.1.2' ],
71 silly audit   'function.prototype.name': [ '1.1.8' ],
71 silly audit   'functions-have-names': [ '1.2.3' ],
71 silly audit   'generator-function': [ '2.0.1' ],
71 silly audit   gensync: [ '1.0.0-beta.2' ],
71 silly audit   'get-intrinsic': [ '1.3.0' ],
71 silly audit   'get-proto': [ '1.0.1' ],
71 silly audit   'get-symbol-description': [ '1.1.0' ],
71 silly audit   'get-tsconfig': [ '4.13.0' ],
71 silly audit   globalthis: [ '1.0.4' ],
71 silly audit   gopd: [ '1.2.0' ],
71 silly audit   'graceful-fs': [ '4.2.11' ],
71 silly audit   graphemer: [ '1.4.0' ],
71 silly audit   'has-bigints': [ '1.1.0' ],
71 silly audit   'has-flag': [ '4.0.0' ],
71 silly audit   'has-property-descriptors': [ '1.0.2' ],
71 silly audit   'has-proto': [ '1.2.0' ],
71 silly audit   'has-symbols': [ '1.1.0' ],
71 silly audit   'has-tostringtag': [ '1.0.2' ],
71 silly audit   hasown: [ '2.0.2' ],
71 silly audit   'hermes-estree': [ '0.25.1' ],
71 silly audit   'hermes-parser': [ '0.25.1' ],
71 silly audit   'import-fresh': [ '3.3.1' ],
71 silly audit   imurmurhash: [ '0.1.4' ],
71 silly audit   'internal-slot': [ '1.1.0' ],
71 silly audit   'is-array-buffer': [ '3.0.5' ],
71 silly audit   'is-async-function': [ '2.1.1' ],
71 silly audit   'is-bigint': [ '1.1.0' ],
71 silly audit   'is-boolean-object': [ '1.2.2' ],
71 silly audit   'is-bun-module': [ '2.0.0' ],
71 silly audit   'is-callable': [ '1.2.7' ],
71 silly audit   'is-core-module': [ '2.16.1' ],
71 silly audit   'is-data-view': [ '1.0.2' ],
71 silly audit   'is-date-object': [ '1.1.0' ],
71 silly audit   'is-extglob': [ '2.1.1' ],
71 silly audit   'is-finalizationregistry': [ '1.1.1' ],
71 silly audit   'is-generator-function': [ '1.1.2' ],
71 silly audit   'is-glob': [ '4.0.3' ],
71 silly audit   'is-map': [ '2.0.3' ],
71 silly audit   'is-negative-zero': [ '2.0.3' ],
71 silly audit   'is-number': [ '7.0.0' ],
71 silly audit   'is-number-object': [ '1.1.1' ],
71 silly audit   'is-regex': [ '1.2.1' ],
71 silly audit   'is-set': [ '2.0.3' ],
71 silly audit   'is-shared-array-buffer': [ '1.0.4' ],
71 silly audit   'is-string': [ '1.1.1' ],
71 silly audit   'is-symbol': [ '1.1.1' ],
71 silly audit   'is-typed-array': [ '1.1.15' ],
71 silly audit   'is-weakmap': [ '2.0.2' ],
71 silly audit   'is-weakref': [ '1.1.1' ],
71 silly audit   'is-weakset': [ '2.0.4' ],
71 silly audit   isarray: [ '2.0.5' ],
71 silly audit   isexe: [ '2.0.0' ],
71 silly audit   'iterator.prototype': [ '1.1.5' ],
71 silly audit   jiti: [ '2.6.1' ],
71 silly audit   'js-tokens': [ '4.0.0' ],
71 silly audit   'js-yaml': [ '4.1.1' ],
71 silly audit   jsesc: [ '3.1.0' ],
71 silly audit   'json-buffer': [ '3.0.1' ],
71 silly audit   'json-schema-traverse': [ '0.4.1' ],
71 silly audit   'json-stable-stringify-without-jsonify': [ '1.0.1' ],
71 silly audit   json5: [ '2.2.3', '1.0.2' ],
71 silly audit   'jsx-ast-utils': [ '3.3.5' ],
71 silly audit   keyv: [ '4.5.4' ],
71 silly audit   'language-subtag-registry': [ '0.3.23' ],
71 silly audit   'language-tags': [ '1.0.9' ],
71 silly audit   levn: [ '0.4.1' ],
71 silly audit   lightningcss: [ '1.30.2' ],
71 silly audit   'lightningcss-android-arm64': [ '1.30.2' ],
71 silly audit   'lightningcss-darwin-arm64': [ '1.30.2' ],
71 silly audit   'lightningcss-darwin-x64': [ '1.30.2' ],
71 silly audit   'lightningcss-freebsd-x64': [ '1.30.2' ],
71 silly audit   'lightningcss-linux-arm-gnueabihf': [ '1.30.2' ],
71 silly audit   'lightningcss-linux-arm64-gnu': [ '1.30.2' ],
71 silly audit   'lightningcss-linux-arm64-musl': [ '1.30.2' ],
71 silly audit   'lightningcss-linux-x64-gnu': [ '1.30.2' ],
71 silly audit   'lightningcss-linux-x64-musl': [ '1.30.2' ],
71 silly audit   'lightningcss-win32-arm64-msvc': [ '1.30.2' ],
71 silly audit   'lightningcss-win32-x64-msvc': [ '1.30.2' ],
71 silly audit   'locate-path': [ '6.0.0' ],
71 silly audit   'lodash.merge': [ '4.6.2' ],
71 silly audit   'loose-envify': [ '1.4.0' ],
71 silly audit   'lru-cache': [ '5.1.1' ],
71 silly audit   'magic-string': [ '0.30.21' ],
71 silly audit   'math-intrinsics': [ '1.1.0' ],
71 silly audit   merge2: [ '1.4.1' ],
71 silly audit   micromatch: [ '4.0.8' ],
71 silly audit   'mime-db': [ '1.52.0' ],
71 silly audit   'mime-types': [ '2.1.35' ],
71 silly audit   minimist: [ '1.2.8' ],
71 silly audit   ms: [ '2.1.3' ],
71 silly audit   nanoid: [ '3.3.11' ],
71 silly audit   'napi-postinstall': [ '0.3.4' ],
71 silly audit   'natural-compare': [ '1.4.0' ],
71 silly audit   next: [ '16.0.7' ],
71 silly audit   postcss: [ '8.4.31', '8.5.6' ],
71 silly audit   'node-releases': [ '2.0.27' ],
71 silly audit   'object-assign': [ '4.1.1' ],
71 silly audit   'object-inspect': [ '1.13.4' ],
71 silly audit   'object-keys': [ '1.1.1' ],
71 silly audit   'object.assign': [ '4.1.7' ],
71 silly audit   'object.entries': [ '1.1.9' ],
71 silly audit   'object.fromentries': [ '2.0.8' ],
71 silly audit   'object.groupby': [ '1.0.3' ],
71 silly audit   'object.values': [ '1.2.1' ],
71 silly audit   optionator: [ '0.9.4' ],
71 silly audit   'own-keys': [ '1.0.1' ],
71 silly audit   'p-limit': [ '3.1.0' ],
71 silly audit   'p-locate': [ '5.0.0' ],
71 silly audit   'parent-module': [ '1.0.1' ],
71 silly audit   'path-exists': [ '4.0.0' ],
71 silly audit   'path-key': [ '3.1.1' ],
71 silly audit   'path-parse': [ '1.0.7' ],
71 silly audit   picocolors: [ '1.1.1' ],
71 silly audit   picomatch: [ '2.3.1', '4.0.3' ],
71 silly audit   'possible-typed-array-names': [ '1.1.0' ],
71 silly audit   'prelude-ls': [ '1.2.1' ],
71 silly audit   'prop-types': [ '15.8.1' ],
71 silly audit   'proxy-from-env': [ '1.1.0' ],
71 silly audit   punycode: [ '2.3.1' ],
71 silly audit   'queue-microtask': [ '1.2.3' ],
71 silly audit   react: [ '19.2.0' ],
71 silly audit   'react-dom': [ '19.2.0' ],
71 silly audit   'react-is': [ '16.13.1' ],
71 silly audit   'reflect.getprototypeof': [ '1.0.10' ],
71 silly audit   'regexp.prototype.flags': [ '1.5.4' ],
71 silly audit   'resolve-from': [ '4.0.0' ],
71 silly audit   'resolve-pkg-maps': [ '1.0.0' ],
71 silly audit   reusify: [ '1.1.0' ],
71 silly audit   'run-parallel': [ '1.2.0' ],
71 silly audit   'safe-array-concat': [ '1.1.3' ],
71 silly audit   'safe-push-apply': [ '1.0.0' ],
71 silly audit   'safe-regex-test': [ '1.1.0' ],
71 silly audit   scheduler: [ '0.27.0' ],
71 silly audit   'set-function-length': [ '1.2.2' ],
71 silly audit   'set-function-name': [ '2.0.2' ],
71 silly audit   'set-proto': [ '1.0.0' ],
71 silly audit   sharp: [ '0.34.5' ],
71 silly audit   'shebang-command': [ '2.0.0' ],
71 silly audit   'shebang-regex': [ '3.0.0' ],
71 silly audit   'side-channel': [ '1.1.0' ],
71 silly audit   'side-channel-list': [ '1.0.0' ],
71 silly audit   'side-channel-map': [ '1.0.1' ],
71 silly audit   'side-channel-weakmap': [ '1.0.2' ],
71 silly audit   'source-map-js': [ '1.2.1' ],
71 silly audit   'stable-hash': [ '0.0.5' ],
71 silly audit   'stop-iteration-iterator': [ '1.1.0' ],
71 silly audit   'string.prototype.includes': [ '2.0.1' ],
71 silly audit   'string.prototype.matchall': [ '4.0.12' ],
71 silly audit   'string.prototype.repeat': [ '1.0.0' ],
71 silly audit   'string.prototype.trim': [ '1.2.10' ],
71 silly audit   'string.prototype.trimend': [ '1.0.9' ],
71 silly audit   'string.prototype.trimstart': [ '1.0.8' ],
71 silly audit   'strip-bom': [ '3.0.0' ],
71 silly audit   'strip-json-comments': [ '3.1.1' ],
71 silly audit   'styled-jsx': [ '5.1.6' ],
71 silly audit   'supports-color': [ '7.2.0' ],
71 silly audit   'supports-preserve-symlinks-flag': [ '1.0.0' ],
71 silly audit   tailwindcss: [ '4.1.17' ],
71 silly audit   tapable: [ '2.3.0' ],
71 silly audit   tinyglobby: [ '0.2.15' ],
71 silly audit   fdir: [ '6.5.0' ],
71 silly audit   'to-regex-range': [ '5.0.1' ],
71 silly audit   'ts-api-utils': [ '2.1.0' ],
71 silly audit   'tsconfig-paths': [ '3.15.0' ],
71 silly audit   tslib: [ '2.8.1' ],
71 silly audit   'type-check': [ '0.4.0' ],
71 silly audit   'typed-array-buffer': [ '1.0.3' ],
71 silly audit   'typed-array-byte-length': [ '1.0.3' ],
71 silly audit   'typed-array-byte-offset': [ '1.0.4' ],
71 silly audit   'typed-array-length': [ '1.0.7' ],
71 silly audit   typescript: [ '5.9.3' ],
71 silly audit   'typescript-eslint': [ '8.48.1' ],
71 silly audit   'unbox-primitive': [ '1.1.0' ],
71 silly audit   'undici-types': [ '6.21.0' ],
71 silly audit   'unrs-resolver': [ '1.11.1' ],
71 silly audit   'update-browserslist-db': [ '1.2.2' ],
71 silly audit   'uri-js': [ '4.4.1' ],
71 silly audit   which: [ '2.0.2' ],
71 silly audit   'which-boxed-primitive': [ '1.1.1' ],
71 silly audit   'which-builtin-type': [ '1.2.1' ],
71 silly audit   'which-collection': [ '1.0.2' ],
71 silly audit   'which-typed-array': [ '1.1.19' ],
71 silly audit   'word-wrap': [ '1.2.5' ],
71 silly audit   yallist: [ '3.1.1' ],
71 silly audit   'yocto-queue': [ '0.1.0' ],
71 silly audit   zod: [ '4.1.13' ],
71 silly audit   'zod-validation-error': [ '4.0.2' ],
71 silly audit   'class-variance-authority': [ '0.7.1' ],
71 silly audit   clsx: [ '2.1.1' ],
71 silly audit   'lucide-react': [ '0.556.0' ],
71 silly audit   'tailwind-merge': [ '3.4.0' ],
71 silly audit   '@tailwindcss/oxide-wasm32-wasi': [ '4.1.17' ]
71 silly audit }
72 verbose reify failed optional dependency /home/chand/ON-CBT/frontend/node_modules/lightningcss-win32-x64-msvc
73 silly reify mark deleted [
73 silly reify   '/home/chand/ON-CBT/frontend/node_modules/lightningcss-win32-x64-msvc'
73 silly reify ]
74 verbose reify failed optional dependency /home/chand/ON-CBT/frontend/node_modules/lightningcss-win32-arm64-msvc
75 silly reify mark deleted [
75 silly reify   '/home/chand/ON-CBT/frontend/node_modules/lightningcss-win32-arm64-msvc'
75 silly reify ]
76 verbose reify failed optional dependency /home/chand/ON-CBT/frontend/node_modules/lightningcss-linux-arm64-musl
77 silly reify mark deleted [
77 silly reify   '/home/chand/ON-CBT/frontend/node_modules/lightningcss-linux-arm64-musl'
77 silly reify ]
78 verbose reify failed optional dependency /home/chand/ON-CBT/frontend/node_modules/lightningcss-linux-arm64-gnu
79 silly reify mark deleted [
79 silly reify   '/home/chand/ON-CBT/frontend/node_modules/lightningcss-linux-arm64-gnu'
79 silly reify ]
80 verbose reify failed optional dependency /home/chand/ON-CBT/frontend/node_modules/lightningcss-linux-arm-gnueabihf
81 silly reify mark deleted [
81 silly reify   '/home/chand/ON-CBT/frontend/node_modules/lightningcss-linux-arm-gnueabihf'
81 silly reify ]
82 verbose reify failed optional dependency /home/chand/ON-CBT/frontend/node_modules/lightningcss-freebsd-x64
83 silly reify mark deleted [ '/home/chand/ON-CBT/frontend/node_modules/lightningcss-freebsd-x64' ]
84 verbose reify failed optional dependency /home/chand/ON-CBT/frontend/node_modules/lightningcss-darwin-x64
85 silly reify mark deleted [ '/home/chand/ON-CBT/frontend/node_modules/lightningcss-darwin-x64' ]
86 verbose reify failed optional dependency /home/chand/ON-CBT/frontend/node_modules/lightningcss-darwin-arm64
87 silly reify mark deleted [
87 silly reify   '/home/chand/ON-CBT/frontend/node_modules/lightningcss-darwin-arm64'
87 silly reify ]
88 verbose reify failed optional dependency /home/chand/ON-CBT/frontend/node_modules/lightningcss-android-arm64
89 silly reify mark deleted [
89 silly reify   '/home/chand/ON-CBT/frontend/node_modules/lightningcss-android-arm64'
89 silly reify ]
90 verbose reify failed optional dependency /home/chand/ON-CBT/frontend/node_modules/@unrs/resolver-binding-win32-x64-msvc
91 silly reify mark deleted [
91 silly reify   '/home/chand/ON-CBT/frontend/node_modules/@unrs/resolver-binding-win32-x64-msvc'
91 silly reify ]
92 verbose reify failed optional dependency /home/chand/ON-CBT/frontend/node_modules/@unrs/resolver-binding-win32-ia32-msvc
93 silly reify mark deleted [
93 silly reify   '/home/chand/ON-CBT/frontend/node_modules/@unrs/resolver-binding-win32-ia32-msvc'
93 silly reify ]
94 verbose reify failed optional dependency /home/chand/ON-CBT/frontend/node_modules/@unrs/resolver-binding-win32-arm64-msvc
95 silly reify mark deleted [
95 silly reify   '/home/chand/ON-CBT/frontend/node_modules/@unrs/resolver-binding-win32-arm64-msvc'
95 silly reify ]
96 verbose reify failed optional dependency /home/chand/ON-CBT/frontend/node_modules/@unrs/resolver-binding-wasm32-wasi
97 silly reify mark deleted [
97 silly reify   '/home/chand/ON-CBT/frontend/node_modules/@unrs/resolver-binding-wasm32-wasi'
97 silly reify ]
98 verbose reify failed optional dependency /home/chand/ON-CBT/frontend/node_modules/@unrs/resolver-binding-linux-s390x-gnu
99 silly reify mark deleted [
99 silly reify   '/home/chand/ON-CBT/frontend/node_modules/@unrs/resolver-binding-linux-s390x-gnu'
99 silly reify ]
100 verbose reify failed optional dependency /home/chand/ON-CBT/frontend/node_modules/@unrs/resolver-binding-linux-riscv64-musl
101 silly reify mark deleted [
101 silly reify   '/home/chand/ON-CBT/frontend/node_modules/@unrs/resolver-binding-linux-riscv64-musl'
101 silly reify ]
102 verbose reify failed optional dependency /home/chand/ON-CBT/frontend/node_modules/@unrs/resolver-binding-linux-riscv64-gnu
103 silly reify mark deleted [
103 silly reify   '/home/chand/ON-CBT/frontend/node_modules/@unrs/resolver-binding-linux-riscv64-gnu'
103 silly reify ]
104 verbose reify failed optional dependency /home/chand/ON-CBT/frontend/node_modules/@unrs/resolver-binding-linux-ppc64-gnu
105 silly reify mark deleted [
105 silly reify   '/home/chand/ON-CBT/frontend/node_modules/@unrs/resolver-binding-linux-ppc64-gnu'
105 silly reify ]
106 verbose reify failed optional dependency /home/chand/ON-CBT/frontend/node_modules/@unrs/resolver-binding-linux-arm64-musl
107 silly reify mark deleted [
107 silly reify   '/home/chand/ON-CBT/frontend/node_modules/@unrs/resolver-binding-linux-arm64-musl'
107 silly reify ]
108 verbose reify failed optional dependency /home/chand/ON-CBT/frontend/node_modules/@unrs/resolver-binding-linux-arm64-gnu
109 silly reify mark deleted [
109 silly reify   '/home/chand/ON-CBT/frontend/node_modules/@unrs/resolver-binding-linux-arm64-gnu'
109 silly reify ]
110 verbose reify failed optional dependency /home/chand/ON-CBT/frontend/node_modules/@unrs/resolver-binding-linux-arm-musleabihf
111 silly reify mark deleted [
111 silly reify   '/home/chand/ON-CBT/frontend/node_modules/@unrs/resolver-binding-linux-arm-musleabihf'
111 silly reify ]
112 verbose reify failed optional dependency /home/chand/ON-CBT/frontend/node_modules/@unrs/resolver-binding-linux-arm-gnueabihf
113 silly reify mark deleted [
113 silly reify   '/home/chand/ON-CBT/frontend/node_modules/@unrs/resolver-binding-linux-arm-gnueabihf'
113 silly reify ]
114 verbose reify failed optional dependency /home/chand/ON-CBT/frontend/node_modules/@unrs/resolver-binding-freebsd-x64
115 silly reify mark deleted [
115 silly reify   '/home/chand/ON-CBT/frontend/node_modules/@unrs/resolver-binding-freebsd-x64'
115 silly reify ]
116 verbose reify failed optional dependency /home/chand/ON-CBT/frontend/node_modules/@unrs/resolver-binding-darwin-x64
117 silly reify mark deleted [
117 silly reify   '/home/chand/ON-CBT/frontend/node_modules/@unrs/resolver-binding-darwin-x64'
117 silly reify ]
118 verbose reify failed optional dependency /home/chand/ON-CBT/frontend/node_modules/@unrs/resolver-binding-darwin-arm64
119 silly reify mark deleted [
119 silly reify   '/home/chand/ON-CBT/frontend/node_modules/@unrs/resolver-binding-darwin-arm64'
119 silly reify ]
120 verbose reify failed optional dependency /home/chand/ON-CBT/frontend/node_modules/@unrs/resolver-binding-android-arm64
121 silly reify mark deleted [
121 silly reify   '/home/chand/ON-CBT/frontend/node_modules/@unrs/resolver-binding-android-arm64'
121 silly reify ]
122 verbose reify failed optional dependency /home/chand/ON-CBT/frontend/node_modules/@unrs/resolver-binding-android-arm-eabi
123 silly reify mark deleted [
123 silly reify   '/home/chand/ON-CBT/frontend/node_modules/@unrs/resolver-binding-android-arm-eabi'
123 silly reify ]
124 verbose reify failed optional dependency /home/chand/ON-CBT/frontend/node_modules/@tailwindcss/oxide-win32-x64-msvc
125 silly reify mark deleted [
125 silly reify   '/home/chand/ON-CBT/frontend/node_modules/@tailwindcss/oxide-win32-x64-msvc'
125 silly reify ]
126 verbose reify failed optional dependency /home/chand/ON-CBT/frontend/node_modules/@tailwindcss/oxide-win32-arm64-msvc
127 silly reify mark deleted [
127 silly reify   '/home/chand/ON-CBT/frontend/node_modules/@tailwindcss/oxide-win32-arm64-msvc'
127 silly reify ]
128 verbose reify failed optional dependency /home/chand/ON-CBT/frontend/node_modules/@tailwindcss/oxide-linux-arm64-musl
129 silly reify mark deleted [
129 silly reify   '/home/chand/ON-CBT/frontend/node_modules/@tailwindcss/oxide-linux-arm64-musl'
129 silly reify ]
130 verbose reify failed optional dependency /home/chand/ON-CBT/frontend/node_modules/@tailwindcss/oxide-linux-arm64-gnu
131 silly reify mark deleted [
131 silly reify   '/home/chand/ON-CBT/frontend/node_modules/@tailwindcss/oxide-linux-arm64-gnu'
131 silly reify ]
132 verbose reify failed optional dependency /home/chand/ON-CBT/frontend/node_modules/@tailwindcss/oxide-linux-arm-gnueabihf
133 silly reify mark deleted [
133 silly reify   '/home/chand/ON-CBT/frontend/node_modules/@tailwindcss/oxide-linux-arm-gnueabihf'
133 silly reify ]
134 verbose reify failed optional dependency /home/chand/ON-CBT/frontend/node_modules/@tailwindcss/oxide-freebsd-x64
135 silly reify mark deleted [
135 silly reify   '/home/chand/ON-CBT/frontend/node_modules/@tailwindcss/oxide-freebsd-x64'
135 silly reify ]
136 verbose reify failed optional dependency /home/chand/ON-CBT/frontend/node_modules/@tailwindcss/oxide-darwin-x64
137 silly reify mark deleted [
137 silly reify   '/home/chand/ON-CBT/frontend/node_modules/@tailwindcss/oxide-darwin-x64'
137 silly reify ]
138 verbose reify failed optional dependency /home/chand/ON-CBT/frontend/node_modules/@tailwindcss/oxide-darwin-arm64
139 silly reify mark deleted [
139 silly reify   '/home/chand/ON-CBT/frontend/node_modules/@tailwindcss/oxide-darwin-arm64'
139 silly reify ]
140 verbose reify failed optional dependency /home/chand/ON-CBT/frontend/node_modules/@tailwindcss/oxide-android-arm64
141 silly reify mark deleted [
141 silly reify   '/home/chand/ON-CBT/frontend/node_modules/@tailwindcss/oxide-android-arm64'
141 silly reify ]
142 verbose reify failed optional dependency /home/chand/ON-CBT/frontend/node_modules/@next/swc-win32-x64-msvc
143 silly reify mark deleted [ '/home/chand/ON-CBT/frontend/node_modules/@next/swc-win32-x64-msvc' ]
144 verbose reify failed optional dependency /home/chand/ON-CBT/frontend/node_modules/@next/swc-win32-arm64-msvc
145 silly reify mark deleted [
145 silly reify   '/home/chand/ON-CBT/frontend/node_modules/@next/swc-win32-arm64-msvc'
145 silly reify ]
146 verbose reify failed optional dependency /home/chand/ON-CBT/frontend/node_modules/@next/swc-linux-arm64-musl
147 silly reify mark deleted [
147 silly reify   '/home/chand/ON-CBT/frontend/node_modules/@next/swc-linux-arm64-musl'
147 silly reify ]
148 verbose reify failed optional dependency /home/chand/ON-CBT/frontend/node_modules/@next/swc-linux-arm64-gnu
149 silly reify mark deleted [
149 silly reify   '/home/chand/ON-CBT/frontend/node_modules/@next/swc-linux-arm64-gnu'
149 silly reify ]
150 verbose reify failed optional dependency /home/chand/ON-CBT/frontend/node_modules/@next/swc-darwin-x64
151 silly reify mark deleted [ '/home/chand/ON-CBT/frontend/node_modules/@next/swc-darwin-x64' ]
152 verbose reify failed optional dependency /home/chand/ON-CBT/frontend/node_modules/@next/swc-darwin-arm64
153 silly reify mark deleted [ '/home/chand/ON-CBT/frontend/node_modules/@next/swc-darwin-arm64' ]
154 verbose reify failed optional dependency /home/chand/ON-CBT/frontend/node_modules/@img/sharp-win32-x64
155 silly reify mark deleted [ '/home/chand/ON-CBT/frontend/node_modules/@img/sharp-win32-x64' ]
156 verbose reify failed optional dependency /home/chand/ON-CBT/frontend/node_modules/@img/sharp-win32-ia32
157 silly reify mark deleted [ '/home/chand/ON-CBT/frontend/node_modules/@img/sharp-win32-ia32' ]
158 verbose reify failed optional dependency /home/chand/ON-CBT/frontend/node_modules/@img/sharp-win32-arm64
159 silly reify mark deleted [ '/home/chand/ON-CBT/frontend/node_modules/@img/sharp-win32-arm64' ]
160 verbose reify failed optional dependency /home/chand/ON-CBT/frontend/node_modules/@img/sharp-wasm32
161 silly reify mark deleted [ '/home/chand/ON-CBT/frontend/node_modules/@img/sharp-wasm32' ]
162 verbose reify failed optional dependency /home/chand/ON-CBT/frontend/node_modules/@img/sharp-linuxmusl-arm64
163 silly reify mark deleted [
163 silly reify   '/home/chand/ON-CBT/frontend/node_modules/@img/sharp-linuxmusl-arm64'
163 silly reify ]
164 verbose reify failed optional dependency /home/chand/ON-CBT/frontend/node_modules/@img/sharp-linux-s390x
165 silly reify mark deleted [ '/home/chand/ON-CBT/frontend/node_modules/@img/sharp-linux-s390x' ]
166 verbose reify failed optional dependency /home/chand/ON-CBT/frontend/node_modules/@img/sharp-linux-riscv64
167 silly reify mark deleted [ '/home/chand/ON-CBT/frontend/node_modules/@img/sharp-linux-riscv64' ]
168 verbose reify failed optional dependency /home/chand/ON-CBT/frontend/node_modules/@img/sharp-linux-ppc64
169 silly reify mark deleted [ '/home/chand/ON-CBT/frontend/node_modules/@img/sharp-linux-ppc64' ]
170 verbose reify failed optional dependency /home/chand/ON-CBT/frontend/node_modules/@img/sharp-linux-arm64
171 silly reify mark deleted [ '/home/chand/ON-CBT/frontend/node_modules/@img/sharp-linux-arm64' ]
172 verbose reify failed optional dependency /home/chand/ON-CBT/frontend/node_modules/@img/sharp-linux-arm
173 silly reify mark deleted [ '/home/chand/ON-CBT/frontend/node_modules/@img/sharp-linux-arm' ]
174 verbose reify failed optional dependency /home/chand/ON-CBT/frontend/node_modules/@img/sharp-libvips-linuxmusl-arm64
175 silly reify mark deleted [
175 silly reify   '/home/chand/ON-CBT/frontend/node_modules/@img/sharp-libvips-linuxmusl-arm64'
175 silly reify ]
176 verbose reify failed optional dependency /home/chand/ON-CBT/frontend/node_modules/@img/sharp-libvips-linux-s390x
177 silly reify mark deleted [
177 silly reify   '/home/chand/ON-CBT/frontend/node_modules/@img/sharp-libvips-linux-s390x'
177 silly reify ]
178 verbose reify failed optional dependency /home/chand/ON-CBT/frontend/node_modules/@img/sharp-libvips-linux-riscv64
179 silly reify mark deleted [
179 silly reify   '/home/chand/ON-CBT/frontend/node_modules/@img/sharp-libvips-linux-riscv64'
179 silly reify ]
180 verbose reify failed optional dependency /home/chand/ON-CBT/frontend/node_modules/@img/sharp-libvips-linux-ppc64
181 silly reify mark deleted [
181 silly reify   '/home/chand/ON-CBT/frontend/node_modules/@img/sharp-libvips-linux-ppc64'
181 silly reify ]
182 verbose reify failed optional dependency /home/chand/ON-CBT/frontend/node_modules/@img/sharp-libvips-linux-arm64
183 silly reify mark deleted [
183 silly reify   '/home/chand/ON-CBT/frontend/node_modules/@img/sharp-libvips-linux-arm64'
183 silly reify ]
184 verbose reify failed optional dependency /home/chand/ON-CBT/frontend/node_modules/@img/sharp-libvips-linux-arm
185 silly reify mark deleted [
185 silly reify   '/home/chand/ON-CBT/frontend/node_modules/@img/sharp-libvips-linux-arm'
185 silly reify ]
186 verbose reify failed optional dependency /home/chand/ON-CBT/frontend/node_modules/@img/sharp-libvips-darwin-x64
187 silly reify mark deleted [
187 silly reify   '/home/chand/ON-CBT/frontend/node_modules/@img/sharp-libvips-darwin-x64'
187 silly reify ]
188 verbose reify failed optional dependency /home/chand/ON-CBT/frontend/node_modules/@img/sharp-libvips-darwin-arm64
189 silly reify mark deleted [
189 silly reify   '/home/chand/ON-CBT/frontend/node_modules/@img/sharp-libvips-darwin-arm64'
189 silly reify ]
190 verbose reify failed optional dependency /home/chand/ON-CBT/frontend/node_modules/@img/sharp-darwin-x64
191 silly reify mark deleted [ '/home/chand/ON-CBT/frontend/node_modules/@img/sharp-darwin-x64' ]
192 verbose reify failed optional dependency /home/chand/ON-CBT/frontend/node_modules/@img/sharp-darwin-arm64
193 silly reify mark deleted [ '/home/chand/ON-CBT/frontend/node_modules/@img/sharp-darwin-arm64' ]
194 timing reifyNode:node_modules/lightningcss-win32-x64-msvc Completed in 95ms
195 timing reifyNode:node_modules/lightningcss-win32-arm64-msvc Completed in 94ms
196 timing reifyNode:node_modules/lightningcss-linux-arm64-musl Completed in 95ms
197 timing reifyNode:node_modules/lightningcss-linux-arm64-gnu Completed in 94ms
198 timing reifyNode:node_modules/lightningcss-linux-arm-gnueabihf Completed in 95ms
199 timing reifyNode:node_modules/lightningcss-freebsd-x64 Completed in 94ms
200 timing reifyNode:node_modules/lightningcss-darwin-x64 Completed in 94ms
201 timing reifyNode:node_modules/lightningcss-darwin-arm64 Completed in 95ms
202 timing reifyNode:node_modules/lightningcss-android-arm64 Completed in 94ms
203 timing reifyNode:node_modules/@unrs/resolver-binding-win32-x64-msvc Completed in 94ms
204 timing reifyNode:node_modules/@unrs/resolver-binding-win32-ia32-msvc Completed in 94ms
205 timing reifyNode:node_modules/@unrs/resolver-binding-win32-arm64-msvc Completed in 94ms
206 timing reifyNode:node_modules/@unrs/resolver-binding-wasm32-wasi Completed in 95ms
207 timing reifyNode:node_modules/@unrs/resolver-binding-linux-s390x-gnu Completed in 94ms
208 timing reifyNode:node_modules/@unrs/resolver-binding-linux-riscv64-musl Completed in 94ms
209 timing reifyNode:node_modules/@unrs/resolver-binding-linux-riscv64-gnu Completed in 94ms
210 timing reifyNode:node_modules/@unrs/resolver-binding-linux-ppc64-gnu Completed in 95ms
211 timing reifyNode:node_modules/@unrs/resolver-binding-linux-arm64-musl Completed in 96ms
212 timing reifyNode:node_modules/@unrs/resolver-binding-linux-arm64-gnu Completed in 95ms
213 timing reifyNode:node_modules/@unrs/resolver-binding-linux-arm-musleabihf Completed in 96ms
214 timing reifyNode:node_modules/@unrs/resolver-binding-linux-arm-gnueabihf Completed in 96ms
215 timing reifyNode:node_modules/@unrs/resolver-binding-freebsd-x64 Completed in 96ms
216 timing reifyNode:node_modules/@unrs/resolver-binding-darwin-x64 Completed in 96ms
217 timing reifyNode:node_modules/@unrs/resolver-binding-darwin-arm64 Completed in 96ms
218 timing reifyNode:node_modules/@unrs/resolver-binding-android-arm64 Completed in 97ms
219 timing reifyNode:node_modules/@unrs/resolver-binding-android-arm-eabi Completed in 96ms
220 timing reifyNode:node_modules/@tailwindcss/oxide-win32-x64-msvc Completed in 96ms
221 timing reifyNode:node_modules/@tailwindcss/oxide-win32-arm64-msvc Completed in 96ms
222 timing reifyNode:node_modules/@tailwindcss/oxide-linux-arm64-musl Completed in 96ms
223 timing reifyNode:node_modules/@tailwindcss/oxide-linux-arm64-gnu Completed in 96ms
224 timing reifyNode:node_modules/@tailwindcss/oxide-linux-arm-gnueabihf Completed in 96ms
225 timing reifyNode:node_modules/@tailwindcss/oxide-freebsd-x64 Completed in 96ms
226 timing reifyNode:node_modules/@tailwindcss/oxide-darwin-x64 Completed in 95ms
227 timing reifyNode:node_modules/@tailwindcss/oxide-darwin-arm64 Completed in 96ms
228 timing reifyNode:node_modules/@tailwindcss/oxide-android-arm64 Completed in 96ms
229 timing reifyNode:node_modules/@next/swc-win32-x64-msvc Completed in 95ms
230 timing reifyNode:node_modules/@next/swc-win32-arm64-msvc Completed in 96ms
231 timing reifyNode:node_modules/@next/swc-linux-arm64-musl Completed in 97ms
232 timing reifyNode:node_modules/@next/swc-linux-arm64-gnu Completed in 97ms
233 timing reifyNode:node_modules/@next/swc-darwin-x64 Completed in 99ms
234 timing reifyNode:node_modules/@next/swc-darwin-arm64 Completed in 99ms
235 timing reifyNode:node_modules/@img/sharp-win32-x64 Completed in 99ms
236 timing reifyNode:node_modules/@img/sharp-win32-ia32 Completed in 100ms
237 timing reifyNode:node_modules/@img/sharp-win32-arm64 Completed in 100ms
238 timing reifyNode:node_modules/@img/sharp-wasm32 Completed in 101ms
239 timing reifyNode:node_modules/@img/sharp-linuxmusl-arm64 Completed in 104ms
240 timing reifyNode:node_modules/@img/sharp-linux-s390x Completed in 104ms
241 timing reifyNode:node_modules/@img/sharp-linux-riscv64 Completed in 98ms
242 timing reifyNode:node_modules/@img/sharp-linux-ppc64 Completed in 103ms
243 timing reifyNode:node_modules/@img/sharp-linux-arm64 Completed in 104ms
244 timing reifyNode:node_modules/@img/sharp-linux-arm Completed in 104ms
245 timing reifyNode:node_modules/@img/sharp-libvips-linuxmusl-arm64 Completed in 99ms
246 timing reifyNode:node_modules/@img/sharp-libvips-linux-s390x Completed in 99ms
247 timing reifyNode:node_modules/@img/sharp-libvips-linux-riscv64 Completed in 99ms
248 timing reifyNode:node_modules/@img/sharp-libvips-linux-ppc64 Completed in 99ms
249 timing reifyNode:node_modules/@img/sharp-libvips-linux-arm64 Completed in 100ms
250 timing reifyNode:node_modules/@img/sharp-libvips-linux-arm Completed in 96ms
251 timing reifyNode:node_modules/@img/sharp-libvips-darwin-x64 Completed in 96ms
252 timing reifyNode:node_modules/@img/sharp-libvips-darwin-arm64 Completed in 96ms
253 timing reifyNode:node_modules/@img/sharp-darwin-x64 Completed in 97ms
254 timing reifyNode:node_modules/@img/sharp-darwin-arm64 Completed in 96ms
255 timing reify:unpack Completed in 135ms
256 timing reify:unretire Completed in 1ms
257 timing build:queue Completed in 21ms
258 timing build:deps Completed in 23ms
259 timing build Completed in 25ms
260 timing reify:build Completed in 28ms
261 timing reify:trash Completed in 65ms
262 timing reify:save Completed in 1368ms
263 http fetch POST 200 https://registry.npmjs.org/-/npm/v1/security/advisories/bulk 2504ms
264 timing auditReport:getReport Completed in 2541ms
265 silly audit report {}
266 timing auditReport:init Completed in 0ms
267 timing reify:audit Completed in 2551ms
268 timing reify Completed in 7448ms
269 silly ADD
270 silly ADD
271 silly ADD
272 silly ADD
273 silly ADD
274 silly ADD
275 silly ADD
276 silly ADD
277 silly ADD
278 silly ADD
279 silly ADD
280 silly ADD
281 silly ADD
282 silly ADD
283 silly ADD
284 silly ADD
285 silly ADD
286 silly ADD
287 silly ADD
288 silly ADD
289 silly ADD
290 silly ADD
291 silly ADD
292 silly ADD
293 silly ADD
294 silly ADD
295 silly ADD
296 silly ADD
297 silly ADD
298 silly ADD
299 silly ADD
300 silly ADD
301 silly ADD
302 silly ADD
303 silly ADD
304 silly ADD
305 silly ADD
306 silly ADD
307 silly ADD
308 silly ADD
309 silly ADD
310 silly ADD
311 silly ADD
312 silly ADD
313 silly ADD
314 silly ADD
315 silly ADD
316 silly ADD
317 silly ADD
318 silly ADD
319 silly ADD
320 silly ADD
321 silly ADD
322 silly ADD
323 silly ADD
324 silly ADD
325 silly ADD
326 silly ADD
327 silly ADD
328 silly ADD
329 silly ADD
330 silly ADD
331 timing command:install Completed in 7528ms
332 verbose exit 0
333 timing npm Completed in 8932ms
334 info ok
