0 verbose cli /home/chand/ON-CBT/nodejs/bin/node /home/chand/ON-CBT/nodejs/lib/node_modules/npm/bin/npm-cli.js
1 info using npm@10.2.4
2 info using node@v20.11.0
3 timing npm:load:whichnode Completed in 41ms
4 timing config:load:defaults Completed in 16ms
5 timing config:load:file:/home/chand/ON-CBT/nodejs/lib/node_modules/npm/npmrc Completed in 22ms
6 timing config:load:builtin Completed in 23ms
7 timing config:load:cli Completed in 9ms
8 timing config:load:env Completed in 2ms
9 timing config:load:file:/home/chand/ON-CBT/frontend/.npmrc Completed in 0ms
10 timing config:load:project Completed in 10ms
11 timing config:load:file:/home/chand/.npmrc Completed in 5ms
12 timing config:load:user Completed in 5ms
13 timing config:load:file:/app/etc/npmrc Completed in 1ms
14 timing config:load:global Completed in 2ms
15 timing config:load:setEnvs Completed in 3ms
16 timing config:load Completed in 75ms
17 timing npm:load:configload Completed in 75ms
18 timing config:load:flatten Completed in 8ms
19 timing npm:load:mkdirpcache Completed in 0ms
20 timing npm:load:mkdirplogs Completed in 0ms
21 verbose title npm exec shadcn@latest add button input card label
22 verbose argv "exec" "--" "shadcn@latest" "add" "button" "input" "card" "label"
23 timing npm:load:setTitle Completed in 3ms
24 timing npm:load:display Completed in 2ms
25 verbose logfile logs-max:10 dir:/home/chand/ON-CBT/frontend/.npm-local/cache/_logs/2025-12-05T23_43_11_271Z-
26 verbose logfile /home/chand/ON-CBT/frontend/.npm-local/cache/_logs/2025-12-05T23_43_11_271Z-debug-0.log
27 timing npm:load:logFile Completed in 37ms
28 timing npm:load:timers Completed in 1ms
29 timing npm:load:configScope Completed in 0ms
30 timing npm:load Completed in 220ms
31 silly logfile done cleaning log files
32 timing arborist:ctor Completed in 3ms
33 timing arborist:ctor Completed in 0ms
34 http fetch GET 200 https://registry.npmjs.org/shadcn 466ms (cache revalidated)
35 timing arborist:ctor Completed in 1ms
36 timing arborist:ctor Completed in 1ms
37 timing arborist:ctor Completed in 0ms
38 timing command:exec Completed in 28845ms
39 verbose exit 0
40 timing npm Completed in 29773ms
41 info ok
